============================================================
  Iniciando experimentos — 2026-03-16 03:38:32
  Root dir : /home/wrench
  Trials   : 10
  Saída    : /home/wrench/results
============================================================

────────────────────────────────────────────────────────
  Heurística : MOHEFT
  Escala     : 512 tarefas
  Workflow   : wf_512_tasks_8_cores.json
────────────────────────────────────────────────────────
  Trial 01/10 ... makespan=2078.1347s energia=1.202kWh carbono=568.3gCO2 [OK]
  Trial 02/10 ... makespan=2078.1347s energia=1.202kWh carbono=568.3gCO2 [OK]
  Trial 03/10 ... makespan=2078.1347s energia=1.202kWh carbono=568.3gCO2 [OK]
  Trial 04/10 ... makespan=2078.1347s energia=1.202kWh carbono=568.3gCO2 [OK]
  Trial 05/10 ... makespan=2078.1347s energia=1.202kWh carbono=568.3gCO2 [OK]
  Trial 06/10 ... makespan=2078.1347s energia=1.202kWh carbono=568.3gCO2 [OK]
  Trial 07/10 ... makespan=2078.1347s energia=1.202kWh carbono=568.3gCO2 [OK]
  Trial 08/10 ... makespan=2078.1347s energia=1.202kWh carbono=568.3gCO2 [OK]
  Trial 09/10 ... makespan=2078.1347s energia=1.202kWh carbono=568.3gCO2 [OK]
  Trial 10/10 ... makespan=2078.1347s energia=1.202kWh carbono=568.3gCO2 [OK]
  Progresso global: 10/160 (6%)

────────────────────────────────────────────────────────
  Heurística : MOHEFT
  Escala     : 2048 tarefas
  Workflow   : wf_2048_tasks_8_cores.json
────────────────────────────────────────────────────────
  Trial 01/10 ... makespan=10070.5381s energia=5.574kWh carbono=2636.5gCO2 [OK]
  Trial 02/10 ... makespan=10070.5381s energia=5.574kWh carbono=2636.5gCO2 [OK]
  Trial 03/10 ... makespan=10070.5381s energia=5.574kWh carbono=2636.5gCO2 [OK]
  Trial 04/10 ... makespan=10070.5381s energia=5.574kWh carbono=2636.5gCO2 [OK]
  Trial 05/10 ... makespan=10070.5381s energia=5.574kWh carbono=2636.5gCO2 [OK]
  Trial 06/10 ... makespan=10070.5381s energia=5.574kWh carbono=2636.5gCO2 [OK]
  Trial 07/10 ... makespan=10070.5381s energia=5.574kWh carbono=2636.5gCO2 [OK]
  Trial 08/10 ... makespan=10070.5381s energia=5.574kWh carbono=2636.5gCO2 [OK]
  Trial 09/10 ... makespan=10070.5381s energia=5.574kWh carbono=2636.5gCO2 [OK]
  Trial 10/10 ... makespan=10070.5381s energia=5.574kWh carbono=2636.5gCO2 [OK]
  Progresso global: 20/160 (12%)

────────────────────────────────────────────────────────
  Heurística : MOHEFT
  Escala     : 256 tarefas
  Workflow   : wf_256_tasks_8_cores.json
────────────────────────────────────────────────────────
  Trial 01/10 ... makespan=673.6503s  energia=0.381kWh carbono=180.3gCO2 [OK]
  Trial 02/10 ... makespan=673.6503s  energia=0.381kWh carbono=180.3gCO2 [OK]
  Trial 03/10 ... makespan=673.6503s  energia=0.381kWh carbono=180.3gCO2 [OK]
  Trial 04/10 ... makespan=673.6503s  energia=0.381kWh carbono=180.3gCO2 [OK]
  Trial 05/10 ... makespan=673.6503s  energia=0.381kWh carbono=180.3gCO2 [OK]
  Trial 06/10 ... makespan=673.6503s  energia=0.381kWh carbono=180.3gCO2 [OK]
  Trial 07/10 ... makespan=673.6503s  energia=0.381kWh carbono=180.3gCO2 [OK]
  Trial 08/10 ... makespan=673.6503s  energia=0.381kWh carbono=180.3gCO2 [OK]
  Trial 09/10 ... makespan=673.6503s  energia=0.381kWh carbono=180.3gCO2 [OK]
  Trial 10/10 ... makespan=673.6503s  energia=0.381kWh carbono=180.3gCO2 [OK]
  Progresso global: 30/160 (18%)

────────────────────────────────────────────────────────
  Heurística : MOHEFT
  Escala     : 1024 tarefas
  Workflow   : wf_1024_tasks_8_cores.json
────────────────────────────────────────────────────────
  Trial 01/10 ... makespan=5706.6598s energia=3.124kWh carbono=1477.8gCO2 [OK]
  Trial 02/10 ... makespan=5706.6598s energia=3.124kWh carbono=1477.8gCO2 [OK]
  Trial 03/10 ... makespan=5706.6598s energia=3.124kWh carbono=1477.8gCO2 [OK]
  Trial 04/10 ... makespan=5706.6598s energia=3.124kWh carbono=1477.8gCO2 [OK]
  Trial 05/10 ... makespan=5706.6598s energia=3.124kWh carbono=1477.8gCO2 [OK]
  Trial 06/10 ... makespan=5706.6598s energia=3.124kWh carbono=1477.8gCO2 [OK]
  Trial 07/10 ... makespan=5706.6598s energia=3.124kWh carbono=1477.8gCO2 [OK]
  Trial 08/10 ... makespan=5706.6598s energia=3.124kWh carbono=1477.8gCO2 [OK]
  Trial 09/10 ... makespan=5706.6598s energia=3.124kWh carbono=1477.8gCO2 [OK]
  Trial 10/10 ... makespan=5706.6598s energia=3.124kWh carbono=1477.8gCO2 [OK]
  Progresso global: 40/160 (25%)

────────────────────────────────────────────────────────
  Heurística : HEFT
  Escala     : 512 tarefas
  Workflow   : wf_512_tasks_8_cores.json
────────────────────────────────────────────────────────
  Trial 01/10 ... makespan=2385.8361s energia=1.361kWh carbono=643.7gCO2 [OK]
  Trial 02/10 ... makespan=2385.8361s energia=1.361kWh carbono=643.7gCO2 [OK]
  Trial 03/10 ... makespan=2385.8361s energia=1.361kWh carbono=643.7gCO2 [OK]
  Trial 04/10 ... makespan=2385.8361s energia=1.361kWh carbono=643.7gCO2 [OK]
  Trial 05/10 ... makespan=2385.8361s energia=1.361kWh carbono=643.7gCO2 [OK]
  Trial 06/10 ... makespan=2385.8361s energia=1.361kWh carbono=643.7gCO2 [OK]
  Trial 07/10 ... makespan=2385.8361s energia=1.361kWh carbono=643.7gCO2 [OK]
  Trial 08/10 ... makespan=2385.8361s energia=1.361kWh carbono=643.7gCO2 [OK]
  Trial 09/10 ... makespan=2385.8361s energia=1.361kWh carbono=643.7gCO2 [OK]
  Trial 10/10 ... makespan=2385.8361s energia=1.361kWh carbono=643.7gCO2 [OK]
  Progresso global: 50/160 (31%)

────────────────────────────────────────────────────────
  Heurística : HEFT
  Escala     : 2048 tarefas
  Workflow   : wf_2048_tasks_8_cores.json
────────────────────────────────────────────────────────
  Trial 01/10 ... makespan=10836.8308s energia=6.040kWh carbono=2856.8gCO2 [OK]
  Trial 02/10 ... makespan=10836.8308s energia=6.040kWh carbono=2856.8gCO2 [OK]
  Trial 03/10 ... makespan=10836.8308s energia=6.040kWh carbono=2856.8gCO2 [OK]
  Trial 04/10 ... makespan=10836.8308s energia=6.040kWh carbono=2856.8gCO2 [OK]
  Trial 05/10 ... makespan=10836.8308s energia=6.040kWh carbono=2856.8gCO2 [OK]
  Trial 06/10 ... makespan=10836.8308s energia=6.040kWh carbono=2856.8gCO2 [OK]
  Trial 07/10 ... makespan=10836.8308s energia=6.040kWh carbono=2856.8gCO2 [OK]
  Trial 08/10 ... makespan=10836.8308s energia=6.040kWh carbono=2856.8gCO2 [OK]
  Trial 09/10 ... makespan=10836.8308s energia=6.040kWh carbono=2856.8gCO2 [OK]
  Trial 10/10 ... makespan=10836.8308s energia=6.040kWh carbono=2856.8gCO2 [OK]
  Progresso global: 60/160 (37%)

────────────────────────────────────────────────────────
  Heurística : HEFT
  Escala     : 256 tarefas
  Workflow   : wf_256_tasks_8_cores.json
────────────────────────────────────────────────────────
  Trial 01/10 ... makespan=973.8540s  energia=0.529kWh carbono=250.1gCO2 [OK]
  Trial 02/10 ... makespan=973.8540s  energia=0.529kWh carbono=250.1gCO2 [OK]
  Trial 03/10 ... makespan=973.8540s  energia=0.529kWh carbono=250.1gCO2 [OK]
  Trial 04/10 ... makespan=973.8540s  energia=0.529kWh carbono=250.1gCO2 [OK]
  Trial 05/10 ... makespan=973.8540s  energia=0.529kWh carbono=250.1gCO2 [OK]
  Trial 06/10 ... makespan=973.8540s  energia=0.529kWh carbono=250.1gCO2 [OK]
  Trial 07/10 ... makespan=973.8540s  energia=0.529kWh carbono=250.1gCO2 [OK]
  Trial 08/10 ... makespan=973.8540s  energia=0.529kWh carbono=250.1gCO2 [OK]
  Trial 09/10 ... makespan=973.8540s  energia=0.529kWh carbono=250.1gCO2 [OK]
  Trial 10/10 ... makespan=973.8540s  energia=0.529kWh carbono=250.1gCO2 [OK]
  Progresso global: 70/160 (43%)

────────────────────────────────────────────────────────
  Heurística : HEFT
  Escala     : 1024 tarefas
  Workflow   : wf_1024_tasks_8_cores.json
────────────────────────────────────────────────────────
  Trial 01/10 ... makespan=5131.5373s energia=2.882kWh carbono=1363.3gCO2 [OK]
  Trial 02/10 ... makespan=5131.5373s energia=2.882kWh carbono=1363.3gCO2 [OK]
  Trial 03/10 ... makespan=5131.5373s energia=2.882kWh carbono=1363.3gCO2 [OK]
  Trial 04/10 ... makespan=5131.5373s energia=2.882kWh carbono=1363.3gCO2 [OK]
  Trial 05/10 ... makespan=5131.5373s energia=2.882kWh carbono=1363.3gCO2 [OK]
  Trial 06/10 ... makespan=5131.5373s energia=2.882kWh carbono=1363.3gCO2 [OK]
  Trial 07/10 ... makespan=5131.5373s energia=2.882kWh carbono=1363.3gCO2 [OK]
  Trial 08/10 ... makespan=5131.5373s energia=2.882kWh carbono=1363.3gCO2 [OK]
  Trial 09/10 ... makespan=5131.5373s energia=2.882kWh carbono=1363.3gCO2 [OK]
  Trial 10/10 ... makespan=5131.5373s energia=2.882kWh carbono=1363.3gCO2 [OK]
  Progresso global: 80/160 (50%)

────────────────────────────────────────────────────────
  Heurística : PEFT
  Escala     : 512 tarefas
  Workflow   : wf_512_tasks_8_cores.json
────────────────────────────────────────────────────────
  Trial 01/10 ... makespan=2254.2389s energia=1.291kWh carbono=610.4gCO2 [OK]
  Trial 02/10 ... makespan=2254.2389s energia=1.291kWh carbono=610.4gCO2 [OK]
  Trial 03/10 ... makespan=2254.2389s energia=1.291kWh carbono=610.4gCO2 [OK]
  Trial 04/10 ... makespan=2254.2389s energia=1.291kWh carbono=610.4gCO2 [OK]
  Trial 05/10 ... makespan=2254.2389s energia=1.291kWh carbono=610.4gCO2 [OK]
  Trial 06/10 ... makespan=2254.2389s energia=1.291kWh carbono=610.4gCO2 [OK]
  Trial 07/10 ... makespan=2254.2389s energia=1.291kWh carbono=610.4gCO2 [OK]
  Trial 08/10 ... makespan=2254.2389s energia=1.291kWh carbono=610.4gCO2 [OK]
  Trial 09/10 ... makespan=2254.2389s energia=1.291kWh carbono=610.4gCO2 [OK]
  Trial 10/10 ... makespan=2254.2389s energia=1.291kWh carbono=610.4gCO2 [OK]
  Progresso global: 90/160 (56%)

────────────────────────────────────────────────────────
  Heurística : PEFT
  Escala     : 2048 tarefas
  Workflow   : wf_2048_tasks_8_cores.json
────────────────────────────────────────────────────────
  Trial 01/10 ... makespan=10091.2807s energia=5.603kWh carbono=2650.3gCO2 [OK]
  Trial 02/10 ... makespan=10091.2807s energia=5.603kWh carbono=2650.3gCO2 [OK]
  Trial 03/10 ... makespan=10091.2807s energia=5.603kWh carbono=2650.3gCO2 [OK]
  Trial 04/10 ... makespan=10091.2807s energia=5.603kWh carbono=2650.3gCO2 [OK]
  Trial 05/10 ... makespan=10091.2807s energia=5.603kWh carbono=2650.3gCO2 [OK]
  Trial 06/10 ... makespan=10091.2807s energia=5.603kWh carbono=2650.3gCO2 [OK]
  Trial 07/10 ... makespan=10091.2807s energia=5.603kWh carbono=2650.3gCO2 [OK]
  Trial 08/10 ... makespan=10091.2807s energia=5.603kWh carbono=2650.3gCO2 [OK]
  Trial 09/10 ... makespan=10091.2807s energia=5.603kWh carbono=2650.3gCO2 [OK]
  Trial 10/10 ... makespan=10091.2807s energia=5.603kWh carbono=2650.3gCO2 [OK]
  Progresso global: 100/160 (62%)

────────────────────────────────────────────────────────
  Heurística : PEFT
  Escala     : 256 tarefas
  Workflow   : wf_256_tasks_8_cores.json
────────────────────────────────────────────────────────
  Trial 01/10 ... makespan=636.5091s  energia=0.365kWh carbono=172.5gCO2 [OK]
  Trial 02/10 ... makespan=636.5091s  energia=0.365kWh carbono=172.5gCO2 [OK]
  Trial 03/10 ... makespan=636.5091s  energia=0.365kWh carbono=172.5gCO2 [OK]
  Trial 04/10 ... makespan=636.5091s  energia=0.365kWh carbono=172.5gCO2 [OK]
  Trial 05/10 ... makespan=636.5091s  energia=0.365kWh carbono=172.5gCO2 [OK]
  Trial 06/10 ... makespan=636.5091s  energia=0.365kWh carbono=172.5gCO2 [OK]
  Trial 07/10 ... makespan=636.5091s  energia=0.365kWh carbono=172.5gCO2 [OK]
  Trial 08/10 ... makespan=636.5091s  energia=0.365kWh carbono=172.5gCO2 [OK]
  Trial 09/10 ... makespan=636.5091s  energia=0.365kWh carbono=172.5gCO2 [OK]
  Trial 10/10 ... makespan=636.5091s  energia=0.365kWh carbono=172.5gCO2 [OK]
  Progresso global: 110/160 (68%)

────────────────────────────────────────────────────────
  Heurística : PEFT
  Escala     : 1024 tarefas
  Workflow   : wf_1024_tasks_8_cores.json
────────────────────────────────────────────────────────
  Trial 01/10 ... makespan=4987.2614s energia=2.781kWh carbono=1315.2gCO2 [OK]
  Trial 02/10 ... makespan=4987.2614s energia=2.781kWh carbono=1315.2gCO2 [OK]
  Trial 03/10 ... makespan=4987.2614s energia=2.781kWh carbono=1315.2gCO2 [OK]
  Trial 04/10 ... makespan=4987.2614s energia=2.781kWh carbono=1315.2gCO2 [OK]
  Trial 05/10 ... makespan=4987.2614s energia=2.781kWh carbono=1315.2gCO2 [OK]
  Trial 06/10 ... makespan=4987.2614s energia=2.781kWh carbono=1315.2gCO2 [OK]
  Trial 07/10 ... makespan=4987.2614s energia=2.781kWh carbono=1315.2gCO2 [OK]
  Trial 08/10 ... makespan=4987.2614s energia=2.781kWh carbono=1315.2gCO2 [OK]
  Trial 09/10 ... makespan=4987.2614s energia=2.781kWh carbono=1315.2gCO2 [OK]
  Trial 10/10 ... makespan=4987.2614s energia=2.781kWh carbono=1315.2gCO2 [OK]
  Progresso global: 120/160 (75%)

────────────────────────────────────────────────────────
  Heurística : IPEFT
  Escala     : 512 tarefas
  Workflow   : wf_512_tasks_8_cores.json
────────────────────────────────────────────────────────
  Trial 01/10 ... makespan=2489.0681s energia=1.412kWh carbono=667.7gCO2 [OK]
  Trial 02/10 ... makespan=2489.0681s energia=1.412kWh carbono=667.7gCO2 [OK]
  Trial 03/10 ... makespan=2489.0681s energia=1.412kWh carbono=667.7gCO2 [OK]
  Trial 04/10 ... makespan=2489.0681s energia=1.412kWh carbono=667.7gCO2 [OK]
  Trial 05/10 ... makespan=2489.0681s energia=1.412kWh carbono=667.7gCO2 [OK]
  Trial 06/10 ... makespan=2489.0681s energia=1.412kWh carbono=667.7gCO2 [OK]
  Trial 07/10 ... makespan=2489.0681s energia=1.412kWh carbono=667.7gCO2 [OK]
  Trial 08/10 ... makespan=2489.0681s energia=1.412kWh carbono=667.7gCO2 [OK]
  Trial 09/10 ... makespan=2489.0681s energia=1.412kWh carbono=667.7gCO2 [OK]
  Trial 10/10 ... makespan=2489.0681s energia=1.412kWh carbono=667.7gCO2 [OK]
  Progresso global: 130/160 (81%)

────────────────────────────────────────────────────────
  Heurística : IPEFT
  Escala     : 2048 tarefas
  Workflow   : wf_2048_tasks_8_cores.json
────────────────────────────────────────────────────────
  Trial 01/10 ... makespan=9450.3607s energia=5.306kWh carbono=2509.7gCO2 [OK]
  Trial 02/10 ... makespan=9450.3607s energia=5.306kWh carbono=2509.7gCO2 [OK]
  Trial 03/10 ... makespan=9450.3607s energia=5.306kWh carbono=2509.7gCO2 [OK]
  Trial 04/10 ... makespan=9450.3607s energia=5.306kWh carbono=2509.7gCO2 [OK]
  Trial 05/10 ... makespan=9450.3607s energia=5.306kWh carbono=2509.7gCO2 [OK]
  Trial 06/10 ... makespan=9450.3607s energia=5.306kWh carbono=2509.7gCO2 [OK]
  Trial 07/10 ... makespan=9450.3607s energia=5.306kWh carbono=2509.7gCO2 [OK]
  Trial 08/10 ... makespan=9450.3607s energia=5.306kWh carbono=2509.7gCO2 [OK]
  Trial 09/10 ... makespan=9450.3607s energia=5.306kWh carbono=2509.7gCO2 [OK]
  Trial 10/10 ... makespan=9450.3607s energia=5.306kWh carbono=2509.7gCO2 [OK]
  Progresso global: 140/160 (87%)

────────────────────────────────────────────────────────
  Heurística : IPEFT
  Escala     : 256 tarefas
  Workflow   : wf_256_tasks_8_cores.json
────────────────────────────────────────────────────────
  Trial 01/10 ... makespan=659.3652s  energia=0.378kWh carbono=178.6gCO2 [OK]
  Trial 02/10 ... makespan=659.3652s  energia=0.378kWh carbono=178.6gCO2 [OK]
  Trial 03/10 ... makespan=659.3652s  energia=0.378kWh carbono=178.6gCO2 [OK]
  Trial 04/10 ... makespan=659.3652s  energia=0.378kWh carbono=178.6gCO2 [OK]
  Trial 05/10 ... makespan=659.3652s  energia=0.378kWh carbono=178.6gCO2 [OK]
  Trial 06/10 ... makespan=659.3652s  energia=0.378kWh carbono=178.6gCO2 [OK]
  Trial 07/10 ... makespan=659.3652s  energia=0.378kWh carbono=178.6gCO2 [OK]
  Trial 08/10 ... makespan=659.3652s  energia=0.378kWh carbono=178.6gCO2 [OK]
  Trial 09/10 ... makespan=659.3652s  energia=0.378kWh carbono=178.6gCO2 [OK]
  Trial 10/10 ... makespan=659.3652s  energia=0.378kWh carbono=178.6gCO2 [OK]
  Progresso global: 150/160 (93%)

────────────────────────────────────────────────────────
  Heurística : IPEFT
  Escala     : 1024 tarefas
  Workflow   : wf_1024_tasks_8_cores.json
────────────────────────────────────────────────────────
  Trial 01/10 ... makespan=4799.6019s energia=2.692kWh carbono=1273.2gCO2 [OK]
  Trial 02/10 ... makespan=4799.6019s energia=2.692kWh carbono=1273.2gCO2 [OK]
  Trial 03/10 ... makespan=4799.6019s energia=2.692kWh carbono=1273.2gCO2 [OK]
  Trial 04/10 ... makespan=4799.6019s energia=2.692kWh carbono=1273.2gCO2 [OK]
  Trial 05/10 ... makespan=4799.6019s energia=2.692kWh carbono=1273.2gCO2 [OK]
  Trial 06/10 ... makespan=4799.6019s energia=2.692kWh carbono=1273.2gCO2 [OK]
  Trial 07/10 ... makespan=4799.6019s energia=2.692kWh carbono=1273.2gCO2 [OK]
  Trial 08/10 ... makespan=4799.6019s energia=2.692kWh carbono=1273.2gCO2 [OK]
  Trial 09/10 ... makespan=4799.6019s energia=2.692kWh carbono=1273.2gCO2 [OK]
  Trial 10/10 ... makespan=4799.6019s energia=2.692kWh carbono=1273.2gCO2 [OK]
  Progresso global: 160/160 (100%)

============================================================
  EXECUÇÃO CONCLUÍDA — 2026-03-16 03:54:49
============================================================
  Simulações completas : 160
  Falhas               : 0
  Arquivo principal    : /home/wrench/results/results_raw.csv
  Arquivo GPUs         : /home/wrench/results/results_gpu.csv
  Log completo         : /home/wrench/results/run_experiments.log
============================================================

  [OK] CSV completo: 160 linhas (esperado: 160)

============================================================
  Iniciando experimentos — 2026-03-16 10:40:52
  Root dir : /home/wrench
  Trials   : 10
  Saída    : /home/wrench/results
============================================================

  Verificando arquivos de workflow...
  Todos os arquivos de workflow presentes. Iniciando simulações...


────────────────────────────────────────────────────────
  Heurística : MOHEFT
  Escala     : 512 tarefas  |  Plataforma: 8 cores
────────────────────────────────────────────────────────
  Trial 01/10 [wf_512_tasks_8_cores_trial01.json] ... [FALHOU] — erro de execução
[ERRO] Trial 1 falhou: MOHEFT × 512 tasks
  Trial 02/10 [wf_512_tasks_8_cores_trial02.json] ... [FALHOU] — erro de execução
[ERRO] Trial 2 falhou: MOHEFT × 512 tasks
  Trial 03/10 [wf_512_tasks_8_cores_trial03.json] ... [FALHOU] — erro de execução
[ERRO] Trial 3 falhou: MOHEFT × 512 tasks
  Trial 04/10 [wf_512_tasks_8_cores_trial04.json] ... [FALHOU] — erro de execução
[ERRO] Trial 4 falhou: MOHEFT × 512 tasks
  Trial 05/10 [wf_512_tasks_8_cores_trial05.json] ... [FALHOU] — erro de execução
[ERRO] Trial 5 falhou: MOHEFT × 512 tasks
  Trial 06/10 [wf_512_tasks_8_cores_trial06.json] ... [FALHOU] — erro de execução
[ERRO] Trial 6 falhou: MOHEFT × 512 tasks
  Trial 07/10 [wf_512_tasks_8_cores_trial07.json] ... [FALHOU] — erro de execução
[ERRO] Trial 7 falhou: MOHEFT × 512 tasks
  Trial 08/10 [wf_512_tasks_8_cores_trial08.json] ... [FALHOU] — erro de execução
[ERRO] Trial 8 falhou: MOHEFT × 512 tasks
  Trial 09/10 [wf_512_tasks_8_cores_trial09.json] ... [FALHOU] — erro de execução
[ERRO] Trial 9 falhou: MOHEFT × 512 tasks
  Trial 10/10 [wf_512_tasks_8_cores_trial10.json] ... [FALHOU] — erro de execução
[ERRO] Trial 10 falhou: MOHEFT × 512 tasks
  Progresso global: 0/160 (0%)

────────────────────────────────────────────────────────
  Heurística : MOHEFT
  Escala     : 2048 tarefas  |  Plataforma: 8 cores
────────────────────────────────────────────────────────
  Trial 01/10 [wf_2048_tasks_8_cores_trial01.json] ... [FALHOU] — erro de execução
[ERRO] Trial 1 falhou: MOHEFT × 2048 tasks
  Trial 02/10 [wf_2048_tasks_8_cores_trial02.json] ... [FALHOU] — erro de execução
[ERRO] Trial 2 falhou: MOHEFT × 2048 tasks
  Trial 03/10 [wf_2048_tasks_8_cores_trial03.json] ... [FALHOU] — erro de execução
[ERRO] Trial 3 falhou: MOHEFT × 2048 tasks
  Trial 04/10 [wf_2048_tasks_8_cores_trial04.json] ... [FALHOU] — erro de execução
[ERRO] Trial 4 falhou: MOHEFT × 2048 tasks
  Trial 05/10 [wf_2048_tasks_8_cores_trial05.json] ... [FALHOU] — erro de execução
[ERRO] Trial 5 falhou: MOHEFT × 2048 tasks
  Trial 06/10 [wf_2048_tasks_8_cores_trial06.json] ... [FALHOU] — erro de execução
[ERRO] Trial 6 falhou: MOHEFT × 2048 tasks
  Trial 07/10 [wf_2048_tasks_8_cores_trial07.json] ... [FALHOU] — erro de execução
[ERRO] Trial 7 falhou: MOHEFT × 2048 tasks
  Trial 08/10 [wf_2048_tasks_8_cores_trial08.json] ... [FALHOU] — erro de execução
[ERRO] Trial 8 falhou: MOHEFT × 2048 tasks
  Trial 09/10 [wf_2048_tasks_8_cores_trial09.json] ... [FALHOU] — erro de execução
[ERRO] Trial 9 falhou: MOHEFT × 2048 tasks
  Trial 10/10 [wf_2048_tasks_8_cores_trial10.json] ... [FALHOU] — erro de execução
[ERRO] Trial 10 falhou: MOHEFT × 2048 tasks
  Progresso global: 0/160 (0%)

────────────────────────────────────────────────────────
  Heurística : MOHEFT
  Escala     : 256 tarefas  |  Plataforma: 8 cores
────────────────────────────────────────────────────────
  Trial 01/10 [wf_256_tasks_8_cores_trial01.json] ... [FALHOU] — erro de execução
[ERRO] Trial 1 falhou: MOHEFT × 256 tasks
  Trial 02/10 [wf_256_tasks_8_cores_trial02.json] ... [FALHOU] — erro de execução
[ERRO] Trial 2 falhou: MOHEFT × 256 tasks
  Trial 03/10 [wf_256_tasks_8_cores_trial03.json] ... [FALHOU] — erro de execução
[ERRO] Trial 3 falhou: MOHEFT × 256 tasks
  Trial 04/10 [wf_256_tasks_8_cores_trial04.json] ... [FALHOU] — erro de execução
[ERRO] Trial 4 falhou: MOHEFT × 256 tasks
  Trial 05/10 [wf_256_tasks_8_cores_trial05.json] ... [FALHOU] — erro de execução
[ERRO] Trial 5 falhou: MOHEFT × 256 tasks
  Trial 06/10 [wf_256_tasks_8_cores_trial06.json] ... [FALHOU] — erro de execução
[ERRO] Trial 6 falhou: MOHEFT × 256 tasks
  Trial 07/10 [wf_256_tasks_8_cores_trial07.json] ... [FALHOU] — erro de execução
[ERRO] Trial 7 falhou: MOHEFT × 256 tasks
  Trial 08/10 [wf_256_tasks_8_cores_trial08.json] ... [FALHOU] — erro de execução
[ERRO] Trial 8 falhou: MOHEFT × 256 tasks
  Trial 09/10 [wf_256_tasks_8_cores_trial09.json] ... [FALHOU] — erro de execução
[ERRO] Trial 9 falhou: MOHEFT × 256 tasks
  Trial 10/10 [wf_256_tasks_8_cores_trial10.json] ... [FALHOU] — erro de execução
[ERRO] Trial 10 falhou: MOHEFT × 256 tasks
  Progresso global: 0/160 (0%)

────────────────────────────────────────────────────────
  Heurística : MOHEFT
  Escala     : 1024 tarefas  |  Plataforma: 8 cores
────────────────────────────────────────────────────────
  Trial 01/10 [wf_1024_tasks_8_cores_trial01.json] ... [FALHOU] — erro de execução
[ERRO] Trial 1 falhou: MOHEFT × 1024 tasks
  Trial 02/10 [wf_1024_tasks_8_cores_trial02.json] ... [FALHOU] — erro de execução
[ERRO] Trial 2 falhou: MOHEFT × 1024 tasks
  Trial 03/10 [wf_1024_tasks_8_cores_trial03.json] ... [FALHOU] — erro de execução
[ERRO] Trial 3 falhou: MOHEFT × 1024 tasks
  Trial 04/10 [wf_1024_tasks_8_cores_trial04.json] ... [FALHOU] — erro de execução
[ERRO] Trial 4 falhou: MOHEFT × 1024 tasks
  Trial 05/10 [wf_1024_tasks_8_cores_trial05.json] ... [FALHOU] — erro de execução
[ERRO] Trial 5 falhou: MOHEFT × 1024 tasks
  Trial 06/10 [wf_1024_tasks_8_cores_trial06.json] ... [FALHOU] — erro de execução
[ERRO] Trial 6 falhou: MOHEFT × 1024 tasks
  Trial 07/10 [wf_1024_tasks_8_cores_trial07.json] ... [FALHOU] — erro de execução
[ERRO] Trial 7 falhou: MOHEFT × 1024 tasks
  Trial 08/10 [wf_1024_tasks_8_cores_trial08.json] ... [FALHOU] — erro de execução
[ERRO] Trial 8 falhou: MOHEFT × 1024 tasks
  Trial 09/10 [wf_1024_tasks_8_cores_trial09.json] ... [FALHOU] — erro de execução
[ERRO] Trial 9 falhou: MOHEFT × 1024 tasks
  Trial 10/10 [wf_1024_tasks_8_cores_trial10.json] ... [FALHOU] — erro de execução
[ERRO] Trial 10 falhou: MOHEFT × 1024 tasks
  Progresso global: 0/160 (0%)

────────────────────────────────────────────────────────
  Heurística : HEFT
  Escala     : 512 tarefas  |  Plataforma: 8 cores
────────────────────────────────────────────────────────
  Trial 01/10 [wf_512_tasks_8_cores_trial01.json] ... [FALHOU] — erro de execução
[ERRO] Trial 1 falhou: HEFT × 512 tasks
  Trial 02/10 [wf_512_tasks_8_cores_trial02.json] ... [FALHOU] — erro de execução
[ERRO] Trial 2 falhou: HEFT × 512 tasks
  Trial 03/10 [wf_512_tasks_8_cores_trial03.json] ... [FALHOU] — erro de execução
[ERRO] Trial 3 falhou: HEFT × 512 tasks
  Trial 04/10 [wf_512_tasks_8_cores_trial04.json] ... [FALHOU] — erro de execução
[ERRO] Trial 4 falhou: HEFT × 512 tasks
  Trial 05/10 [wf_512_tasks_8_cores_trial05.json] ... [FALHOU] — erro de execução
[ERRO] Trial 5 falhou: HEFT × 512 tasks
  Trial 06/10 [wf_512_tasks_8_cores_trial06.json] ... [FALHOU] — erro de execução
[ERRO] Trial 6 falhou: HEFT × 512 tasks
  Trial 07/10 [wf_512_tasks_8_cores_trial07.json] ... [FALHOU] — erro de execução
[ERRO] Trial 7 falhou: HEFT × 512 tasks
  Trial 08/10 [wf_512_tasks_8_cores_trial08.json] ... [FALHOU] — erro de execução
[ERRO] Trial 8 falhou: HEFT × 512 tasks
  Trial 09/10 [wf_512_tasks_8_cores_trial09.json] ... [FALHOU] — erro de execução
[ERRO] Trial 9 falhou: HEFT × 512 tasks
  Trial 10/10 [wf_512_tasks_8_cores_trial10.json] ... [FALHOU] — erro de execução
[ERRO] Trial 10 falhou: HEFT × 512 tasks
  Progresso global: 0/160 (0%)

────────────────────────────────────────────────────────
  Heurística : HEFT
  Escala     : 2048 tarefas  |  Plataforma: 8 cores
────────────────────────────────────────────────────────
  Trial 01/10 [wf_2048_tasks_8_cores_trial01.json] ... [FALHOU] — erro de execução
[ERRO] Trial 1 falhou: HEFT × 2048 tasks
  Trial 02/10 [wf_2048_tasks_8_cores_trial02.json] ... [FALHOU] — erro de execução
[ERRO] Trial 2 falhou: HEFT × 2048 tasks
  Trial 03/10 [wf_2048_tasks_8_cores_trial03.json] ... [FALHOU] — erro de execução
[ERRO] Trial 3 falhou: HEFT × 2048 tasks
  Trial 04/10 [wf_2048_tasks_8_cores_trial04.json] ... [FALHOU] — erro de execução
[ERRO] Trial 4 falhou: HEFT × 2048 tasks
  Trial 05/10 [wf_2048_tasks_8_cores_trial05.json] ... [FALHOU] — erro de execução
[ERRO] Trial 5 falhou: HEFT × 2048 tasks
  Trial 06/10 [wf_2048_tasks_8_cores_trial06.json] ... [FALHOU] — erro de execução
[ERRO] Trial 6 falhou: HEFT × 2048 tasks
  Trial 07/10 [wf_2048_tasks_8_cores_trial07.json] ... ============================================================
  Iniciando experimentos — 2026-03-16 10:41:34
  Root dir : /home/wrench
  Trials   : 10
  Saída    : /home/wrench/results
============================================================

  Verificando arquivos de workflow...
  Todos os arquivos de workflow presentes. Iniciando simulações...


────────────────────────────────────────────────────────
  Heurística : MOHEFT
  Escala     : 512 tarefas  |  Plataforma: 8 cores
────────────────────────────────────────────────────────
  Trial 01/10 [wf_512_tasks_8_cores_trial01.json] ... [FALHOU] — erro de execução
[ERRO] Trial 1 falhou: MOHEFT × 512 tasks
  Trial 02/10 [wf_512_tasks_8_cores_trial02.json] ... [FALHOU] — erro de execução
[ERRO] Trial 2 falhou: MOHEFT × 512 tasks
  Trial 03/10 [wf_512_tasks_8_cores_trial03.json] ... [FALHOU] — erro de execução
[ERRO] Trial 3 falhou: MOHEFT × 512 tasks
  Trial 04/10 [wf_512_tasks_8_cores_trial04.json] ... [FALHOU] — erro de execução
[ERRO] Trial 4 falhou: MOHEFT × 512 tasks
  Trial 05/10 [wf_512_tasks_8_cores_trial05.json] ... [FALHOU] — erro de execução
[ERRO] Trial 5 falhou: MOHEFT × 512 tasks
  Trial 06/10 [wf_512_tasks_8_cores_trial06.json] ... [FALHOU] — erro de execução
[ERRO] Trial 6 falhou: MOHEFT × 512 tasks
  Trial 07/10 [wf_512_tasks_8_cores_trial07.json] ... ============================================================
  Iniciando experimentos — 2026-03-16 10:53:16
  Root dir : /home/wrench
  Trials   : 10
  Saída    : /home/wrench/results
============================================================

  Verificando arquivos de workflow...
  Todos os arquivos de workflow presentes. Iniciando simulações...


────────────────────────────────────────────────────────
  Heurística : MOHEFT
  Escala     : 512 tarefas  |  Plataforma: 8 cores
────────────────────────────────────────────────────────
  Trial 01/10 [wf_512_tasks_8_cores_trial01.json] ... makespan=7.4502s    energia=0.005kWh carbono=2.2gCO2  [OK]
  Trial 02/10 [wf_512_tasks_8_cores_trial02.json] ... makespan=9.5079s    energia=0.006kWh carbono=3.0gCO2  [OK]
  Trial 03/10 [wf_512_tasks_8_cores_trial03.json] ... makespan=7.5698s    energia=0.005kWh carbono=2.3gCO2  [OK]
  Trial 04/10 [wf_512_tasks_8_cores_trial04.json] ... makespan=8.0093s    energia=0.005kWh carbono=2.3gCO2  [OK]
  Trial 05/10 [wf_512_tasks_8_cores_trial05.json] ... makespan=7.0607s    energia=0.004kWh carbono=2.1gCO2  [OK]
  Trial 06/10 [wf_512_tasks_8_cores_trial06.json] ... makespan=7.7042s    energia=0.005kWh carbono=2.3gCO2  [OK]
  Trial 07/10 [wf_512_tasks_8_cores_trial07.json] ... makespan=7.3506s    energia=0.005kWh carbono=2.1gCO2  [OK]
  Trial 08/10 [wf_512_tasks_8_cores_trial08.json] ... makespan=8.6559s    energia=0.005kWh carbono=2.6gCO2  [OK]
  Trial 09/10 [wf_512_tasks_8_cores_trial09.json] ... makespan=8.3764s    energia=0.005kWh carbono=2.4gCO2  [OK]
  Trial 10/10 [wf_512_tasks_8_cores_trial10.json] ... makespan=7.2238s    energia=0.004kWh carbono=2.1gCO2  [OK]
  Progresso global: 10/160 (6%)

────────────────────────────────────────────────────────
  Heurística : MOHEFT
  Escala     : 2048 tarefas  |  Plataforma: 8 cores
────────────────────────────────────────────────────────
  Trial 01/10 [wf_2048_tasks_8_cores_trial01.json] ... makespan=30.4613s   energia=0.019kWh carbono=9.2gCO2  [OK]
  Trial 02/10 [wf_2048_tasks_8_cores_trial02.json] ... makespan=31.1084s   energia=0.020kWh carbono=9.5gCO2  [OK]
  Trial 03/10 [wf_2048_tasks_8_cores_trial03.json] ... makespan=31.2208s   energia=0.020kWh carbono=9.3gCO2  [OK]
  Trial 04/10 [wf_2048_tasks_8_cores_trial04.json] ... makespan=29.4973s   energia=0.019kWh carbono=8.9gCO2  [OK]
  Trial 05/10 [wf_2048_tasks_8_cores_trial05.json] ... makespan=28.2352s   energia=0.018kWh carbono=8.5gCO2  [OK]
  Trial 06/10 [wf_2048_tasks_8_cores_trial06.json] ... makespan=27.6820s   energia=0.018kWh carbono=8.3gCO2  [OK]
  Trial 07/10 [wf_2048_tasks_8_cores_trial07.json] ... makespan=29.2036s   energia=0.018kWh carbono=8.6gCO2  [OK]
  Trial 08/10 [wf_2048_tasks_8_cores_trial08.json] ... makespan=30.4615s   energia=0.019kWh carbono=9.0gCO2  [OK]
  Trial 09/10 [wf_2048_tasks_8_cores_trial09.json] ... makespan=31.5698s   energia=0.020kWh carbono=9.5gCO2  [OK]
  Trial 10/10 [wf_2048_tasks_8_cores_trial10.json] ... makespan=29.4024s   energia=0.019kWh carbono=8.8gCO2  [OK]
  Progresso global: 20/160 (12%)

────────────────────────────────────────────────────────
  Heurística : MOHEFT
  Escala     : 256 tarefas  |  Plataforma: 8 cores
────────────────────────────────────────────────────────
  Trial 01/10 [wf_256_tasks_8_cores_trial01.json] ... makespan=4.2254s    energia=0.003kWh carbono=1.2gCO2  [OK]
  Trial 02/10 [wf_256_tasks_8_cores_trial02.json] ... makespan=5.1122s    energia=0.004kWh carbono=1.7gCO2  [OK]
  Trial 03/10 [wf_256_tasks_8_cores_trial03.json] ... makespan=4.2138s    energia=0.003kWh carbono=1.2gCO2  [OK]
  Trial 04/10 [wf_256_tasks_8_cores_trial04.json] ... makespan=4.1236s    energia=0.002kWh carbono=1.2gCO2  [OK]
  Trial 05/10 [wf_256_tasks_8_cores_trial05.json] ... makespan=3.4737s    energia=0.002kWh carbono=1.0gCO2  [OK]
  Trial 06/10 [wf_256_tasks_8_cores_trial06.json] ... makespan=3.7033s    energia=0.002kWh carbono=1.1gCO2  [OK]
  Trial 07/10 [wf_256_tasks_8_cores_trial07.json] ... makespan=3.7995s    energia=0.002kWh carbono=1.1gCO2  [OK]
  Trial 08/10 [wf_256_tasks_8_cores_trial08.json] ... makespan=4.8472s    energia=0.003kWh carbono=1.5gCO2  [OK]
  Trial 09/10 [wf_256_tasks_8_cores_trial09.json] ... makespan=3.8887s    energia=0.002kWh carbono=1.1gCO2  [OK]
  Trial 10/10 [wf_256_tasks_8_cores_trial10.json] ... makespan=3.8236s    energia=0.002kWh carbono=1.1gCO2  [OK]
  Progresso global: 30/160 (18%)

────────────────────────────────────────────────────────
  Heurística : MOHEFT
  Escala     : 1024 tarefas  |  Plataforma: 8 cores
────────────────────────────────────────────────────────
  Trial 01/10 [wf_1024_tasks_8_cores_trial01.json] ... makespan=15.7942s   energia=0.010kWh carbono=4.8gCO2  [OK]
  Trial 02/10 [wf_1024_tasks_8_cores_trial02.json] ... makespan=16.2468s   energia=0.011kWh carbono=5.0gCO2  [OK]
  Trial 03/10 [wf_1024_tasks_8_cores_trial03.json] ... makespan=15.8741s   energia=0.010kWh carbono=4.7gCO2  [OK]
  Trial 04/10 [wf_1024_tasks_8_cores_trial04.json] ... makespan=14.8706s   energia=0.009kWh carbono=4.4gCO2  [OK]
  Trial 05/10 [wf_1024_tasks_8_cores_trial05.json] ... makespan=13.2646s   energia=0.008kWh carbono=3.9gCO2  [OK]
  Trial 06/10 [wf_1024_tasks_8_cores_trial06.json] ... makespan=14.0503s   energia=0.009kWh carbono=4.2gCO2  [OK]
  Trial 07/10 [wf_1024_tasks_8_cores_trial07.json] ... makespan=15.3760s   energia=0.009kWh carbono=4.5gCO2  [OK]
  Trial 08/10 [wf_1024_tasks_8_cores_trial08.json] ... makespan=15.8585s   energia=0.010kWh carbono=4.7gCO2  [OK]
  Trial 09/10 [wf_1024_tasks_8_cores_trial09.json] ... makespan=15.7097s   energia=0.010kWh carbono=4.7gCO2  [OK]
  Trial 10/10 [wf_1024_tasks_8_cores_trial10.json] ... makespan=15.3419s   energia=0.010kWh carbono=4.6gCO2  [OK]
  Progresso global: 40/160 (25%)

────────────────────────────────────────────────────────
  Heurística : HEFT
  Escala     : 512 tarefas  |  Plataforma: 8 cores
────────────────────────────────────────────────────────
  Trial 01/10 [wf_512_tasks_8_cores_trial01.json] ... makespan=7.9675s    energia=0.005kWh carbono=2.3gCO2  [OK]
  Trial 02/10 [wf_512_tasks_8_cores_trial02.json] ... makespan=10.1473s   energia=0.007kWh carbono=3.1gCO2  [OK]
  Trial 03/10 [wf_512_tasks_8_cores_trial03.json] ... makespan=7.7647s    energia=0.005kWh carbono=2.3gCO2  [OK]
  Trial 04/10 [wf_512_tasks_8_cores_trial04.json] ... makespan=8.2663s    energia=0.005kWh carbono=2.4gCO2  [OK]
  Trial 05/10 [wf_512_tasks_8_cores_trial05.json] ... makespan=7.2937s    energia=0.005kWh carbono=2.1gCO2  [OK]
  Trial 06/10 [wf_512_tasks_8_cores_trial06.json] ... makespan=8.4491s    energia=0.005kWh carbono=2.5gCO2  [OK]
  Trial 07/10 [wf_512_tasks_8_cores_trial07.json] ... makespan=7.5814s    energia=0.005kWh carbono=2.2gCO2  [OK]
  Trial 08/10 [wf_512_tasks_8_cores_trial08.json] ... makespan=9.1354s    energia=0.006kWh carbono=2.7gCO2  [OK]
  Trial 09/10 [wf_512_tasks_8_cores_trial09.json] ... makespan=9.2872s    energia=0.005kWh carbono=2.6gCO2  [OK]
  Trial 10/10 [wf_512_tasks_8_cores_trial10.json] ... makespan=8.0079s    energia=0.005kWh carbono=2.3gCO2  [OK]
  Progresso global: 50/160 (31%)

────────────────────────────────────────────────────────
  Heurística : HEFT
  Escala     : 2048 tarefas  |  Plataforma: 8 cores
────────────────────────────────────────────────────────
  Trial 01/10 [wf_2048_tasks_8_cores_trial01.json] ... makespan=31.3305s   energia=0.019kWh carbono=9.2gCO2  [OK]
  Trial 02/10 [wf_2048_tasks_8_cores_trial02.json] ... makespan=31.5222s   energia=0.020kWh carbono=9.5gCO2  [OK]
  Trial 03/10 [wf_2048_tasks_8_cores_trial03.json] ... makespan=33.1387s   energia=0.020kWh carbono=9.5gCO2  [OK]
  Trial 04/10 [wf_2048_tasks_8_cores_trial04.json] ... makespan=30.5026s   energia=0.019kWh carbono=8.9gCO2  [OK]
  Trial 05/10 [wf_2048_tasks_8_cores_trial05.json] ... makespan=29.0182s   energia=0.018kWh carbono=8.5gCO2  [OK]
  Trial 06/10 [wf_2048_tasks_8_cores_trial06.json] ... makespan=28.5248s   energia=0.018kWh carbono=8.4gCO2  [OK]
  Trial 07/10 [wf_2048_tasks_8_cores_trial07.json] ... makespan=31.2309s   energia=0.019kWh carbono=8.9gCO2  [OK]
  Trial 08/10 [wf_2048_tasks_8_cores_trial08.json] ... makespan=31.5805s   energia=0.019kWh carbono=9.1gCO2  [OK]
  Trial 09/10 [wf_2048_tasks_8_cores_trial09.json] ... makespan=33.7472s   energia=0.021kWh carbono=9.8gCO2  [OK]
  Trial 10/10 [wf_2048_tasks_8_cores_trial10.json] ... makespan=31.3394s   energia=0.019kWh carbono=9.0gCO2  [OK]
  Progresso global: 60/160 (37%)

────────────────────────────────────────────────────────
  Heurística : HEFT
  Escala     : 256 tarefas  |  Plataforma: 8 cores
────────────────────────────────────────────────────────
  Trial 01/10 [wf_256_tasks_8_cores_trial01.json] ... makespan=4.0274s    energia=0.002kWh carbono=1.2gCO2  [OK]
  Trial 02/10 [wf_256_tasks_8_cores_trial02.json] ... makespan=5.7059s    energia=0.004kWh carbono=1.8gCO2  [OK]
  Trial 03/10 [wf_256_tasks_8_cores_trial03.json] ... makespan=4.5096s    energia=0.003kWh carbono=1.3gCO2  [OK]
  Trial 04/10 [wf_256_tasks_8_cores_trial04.json] ... makespan=4.5258s    energia=0.003kWh carbono=1.2gCO2  [OK]
  Trial 05/10 [wf_256_tasks_8_cores_trial05.json] ... makespan=3.7577s    energia=0.002kWh carbono=1.1gCO2  [OK]
  Trial 06/10 [wf_256_tasks_8_cores_trial06.json] ... makespan=4.1625s    energia=0.002kWh carbono=1.2gCO2  [OK]
  Trial 07/10 [wf_256_tasks_8_cores_trial07.json] ... makespan=4.0719s    energia=0.002kWh carbono=1.1gCO2  [OK]
  Trial 08/10 [wf_256_tasks_8_cores_trial08.json] ... makespan=4.6596s    energia=0.003kWh carbono=1.4gCO2  [OK]
  Trial 09/10 [wf_256_tasks_8_cores_trial09.json] ... makespan=3.8166s    energia=0.002kWh carbono=1.0gCO2  [OK]
  Trial 10/10 [wf_256_tasks_8_cores_trial10.json] ... makespan=3.9350s    energia=0.002kWh carbono=1.1gCO2  [OK]
  Progresso global: 70/160 (43%)

────────────────────────────────────────────────────────
  Heurística : HEFT
  Escala     : 1024 tarefas  |  Plataforma: 8 cores
────────────────────────────────────────────────────────
  Trial 01/10 [wf_1024_tasks_8_cores_trial01.json] ... makespan=16.1159s   energia=0.010kWh carbono=4.8gCO2  [OK]
  Trial 02/10 [wf_1024_tasks_8_cores_trial02.json] ... makespan=16.5541s   energia=0.010kWh carbono=5.0gCO2  [OK]
  Trial 03/10 [wf_1024_tasks_8_cores_trial03.json] ... makespan=16.0999s   energia=0.010kWh carbono=4.7gCO2  [OK]
  Trial 04/10 [wf_1024_tasks_8_cores_trial04.json] ... makespan=16.1875s   energia=0.010kWh carbono=4.6gCO2  [OK]
  Trial 05/10 [wf_1024_tasks_8_cores_trial05.json] ... makespan=13.2149s   energia=0.008kWh carbono=3.9gCO2  [OK]
  Trial 06/10 [wf_1024_tasks_8_cores_trial06.json] ... makespan=15.0530s   energia=0.009kWh carbono=4.3gCO2  [OK]
  Trial 07/10 [wf_1024_tasks_8_cores_trial07.json] ... makespan=16.4520s   energia=0.010kWh carbono=4.6gCO2  [OK]
  Trial 08/10 [wf_1024_tasks_8_cores_trial08.json] ... makespan=16.6099s   energia=0.010kWh carbono=4.8gCO2  [OK]
  Trial 09/10 [wf_1024_tasks_8_cores_trial09.json] ... makespan=16.7357s   energia=0.010kWh carbono=4.8gCO2  [OK]
  Trial 10/10 [wf_1024_tasks_8_cores_trial10.json] ... makespan=15.9588s   energia=0.010kWh carbono=4.6gCO2  [OK]
  Progresso global: 80/160 (50%)

────────────────────────────────────────────────────────
  Heurística : PEFT
  Escala     : 512 tarefas  |  Plataforma: 8 cores
────────────────────────────────────────────────────────
  Trial 01/10 [wf_512_tasks_8_cores_trial01.json] ... makespan=7.5949s    energia=0.005kWh carbono=2.2gCO2  [OK]
  Trial 02/10 [wf_512_tasks_8_cores_trial02.json] ... makespan=9.8234s    energia=0.006kWh carbono=3.1gCO2  [OK]
  Trial 03/10 [wf_512_tasks_8_cores_trial03.json] ... makespan=7.9178s    energia=0.005kWh carbono=2.4gCO2  [OK]
  Trial 04/10 [wf_512_tasks_8_cores_trial04.json] ... makespan=8.0866s    energia=0.005kWh carbono=2.4gCO2  [OK]
  Trial 05/10 [wf_512_tasks_8_cores_trial05.json] ... makespan=7.1585s    energia=0.005kWh carbono=2.1gCO2  [OK]
  Trial 06/10 [wf_512_tasks_8_cores_trial06.json] ... makespan=8.0097s    energia=0.005kWh carbono=2.4gCO2  [OK]
  Trial 07/10 [wf_512_tasks_8_cores_trial07.json] ... makespan=7.3219s    energia=0.005kWh carbono=2.1gCO2  [OK]
  Trial 08/10 [wf_512_tasks_8_cores_trial08.json] ... makespan=8.5394s    energia=0.005kWh carbono=2.5gCO2  [OK]
  Trial 09/10 [wf_512_tasks_8_cores_trial09.json] ... makespan=8.0016s    energia=0.005kWh carbono=2.3gCO2  [OK]
  Trial 10/10 [wf_512_tasks_8_cores_trial10.json] ... makespan=7.1239s    energia=0.004kWh carbono=2.1gCO2  [OK]
  Progresso global: 90/160 (56%)

────────────────────────────────────────────────────────
  Heurística : PEFT
  Escala     : 2048 tarefas  |  Plataforma: 8 cores
────────────────────────────────────────────────────────
  Trial 01/10 [wf_2048_tasks_8_cores_trial01.json] ... makespan=31.7648s   energia=0.020kWh carbono=9.4gCO2  [OK]
  Trial 02/10 [wf_2048_tasks_8_cores_trial02.json] ... makespan=31.0216s   energia=0.020kWh carbono=9.5gCO2  [OK]
  Trial 03/10 [wf_2048_tasks_8_cores_trial03.json] ... makespan=31.5730s   energia=0.020kWh carbono=9.3gCO2  [OK]
  Trial 04/10 [wf_2048_tasks_8_cores_trial04.json] ... makespan=31.2416s   energia=0.019kWh carbono=9.2gCO2  [OK]
  Trial 05/10 [wf_2048_tasks_8_cores_trial05.json] ... makespan=28.3923s   energia=0.018kWh carbono=8.5gCO2  [OK]
  Trial 06/10 [wf_2048_tasks_8_cores_trial06.json] ... makespan=27.8291s   energia=0.018kWh carbono=8.4gCO2  [OK]
  Trial 07/10 [wf_2048_tasks_8_cores_trial07.json] ... makespan=29.9848s   energia=0.019kWh carbono=8.8gCO2  [OK]
  Trial 08/10 [wf_2048_tasks_8_cores_trial08.json] ... makespan=30.3285s   energia=0.019kWh carbono=9.0gCO2  [OK]
  Trial 09/10 [wf_2048_tasks_8_cores_trial09.json] ... makespan=31.9479s   energia=0.020kWh carbono=9.6gCO2  [OK]
  Trial 10/10 [wf_2048_tasks_8_cores_trial10.json] ... makespan=29.8999s   energia=0.019kWh carbono=8.9gCO2  [OK]
  Progresso global: 100/160 (62%)

────────────────────────────────────────────────────────
  Heurística : PEFT
  Escala     : 256 tarefas  |  Plataforma: 8 cores
────────────────────────────────────────────────────────
  Trial 01/10 [wf_256_tasks_8_cores_trial01.json] ... makespan=4.0631s    energia=0.002kWh carbono=1.2gCO2  [OK]
  Trial 02/10 [wf_256_tasks_8_cores_trial02.json] ... makespan=5.0974s    energia=0.004kWh carbono=1.7gCO2  [OK]
  Trial 03/10 [wf_256_tasks_8_cores_trial03.json] ... makespan=4.1856s    energia=0.003kWh carbono=1.3gCO2  [OK]
  Trial 04/10 [wf_256_tasks_8_cores_trial04.json] ... makespan=4.6335s    energia=0.003kWh carbono=1.3gCO2  [OK]
  Trial 05/10 [wf_256_tasks_8_cores_trial05.json] ... makespan=3.3572s    energia=0.002kWh carbono=1.0gCO2  [OK]
  Trial 06/10 [wf_256_tasks_8_cores_trial06.json] ... makespan=3.6635s    energia=0.002kWh carbono=1.1gCO2  [OK]
  Trial 07/10 [wf_256_tasks_8_cores_trial07.json] ... makespan=3.9712s    energia=0.002kWh carbono=1.1gCO2  [OK]
  Trial 08/10 [wf_256_tasks_8_cores_trial08.json] ... makespan=4.8376s    energia=0.003kWh carbono=1.5gCO2  [OK]
  Trial 09/10 [wf_256_tasks_8_cores_trial09.json] ... makespan=3.8560s    energia=0.002kWh carbono=1.1gCO2  [OK]
  Trial 10/10 [wf_256_tasks_8_cores_trial10.json] ... makespan=3.8602s    energia=0.002kWh carbono=1.1gCO2  [OK]
  Progresso global: 110/160 (68%)

────────────────────────────────────────────────────────
  Heurística : PEFT
  Escala     : 1024 tarefas  |  Plataforma: 8 cores
────────────────────────────────────────────────────────
  Trial 01/10 [wf_1024_tasks_8_cores_trial01.json] ... makespan=15.7441s   energia=0.010kWh carbono=4.8gCO2  [OK]
  Trial 02/10 [wf_1024_tasks_8_cores_trial02.json] ... makespan=16.2915s   energia=0.011kWh carbono=5.0gCO2  [OK]
  Trial 03/10 [wf_1024_tasks_8_cores_trial03.json] ... makespan=16.4108s   energia=0.010kWh carbono=4.8gCO2  [OK]
  Trial 04/10 [wf_1024_tasks_8_cores_trial04.json] ... makespan=15.0644s   energia=0.009kWh carbono=4.5gCO2  [OK]
  Trial 05/10 [wf_1024_tasks_8_cores_trial05.json] ... makespan=13.2678s   energia=0.008kWh carbono=3.9gCO2  [OK]
  Trial 06/10 [wf_1024_tasks_8_cores_trial06.json] ... makespan=14.5304s   energia=0.009kWh carbono=4.3gCO2  [OK]
  Trial 07/10 [wf_1024_tasks_8_cores_trial07.json] ... makespan=15.8132s   energia=0.010kWh carbono=4.5gCO2  [OK]
  Trial 08/10 [wf_1024_tasks_8_cores_trial08.json] ... makespan=15.6667s   energia=0.010kWh carbono=4.7gCO2  [OK]
  Trial 09/10 [wf_1024_tasks_8_cores_trial09.json] ... makespan=16.6325s   energia=0.010kWh carbono=4.8gCO2  [OK]
  Trial 10/10 [wf_1024_tasks_8_cores_trial10.json] ... makespan=15.3662s   energia=0.010kWh carbono=4.6gCO2  [OK]
  Progresso global: 120/160 (75%)

────────────────────────────────────────────────────────
  Heurística : IPEFT
  Escala     : 512 tarefas  |  Plataforma: 8 cores
────────────────────────────────────────────────────────
  Trial 01/10 [wf_512_tasks_8_cores_trial01.json] ... makespan=7.8432s    energia=0.005kWh carbono=2.3gCO2  [OK]
  Trial 02/10 [wf_512_tasks_8_cores_trial02.json] ... makespan=9.8177s    energia=0.006kWh carbono=3.1gCO2  [OK]
  Trial 03/10 [wf_512_tasks_8_cores_trial03.json] ... makespan=8.0943s    energia=0.005kWh carbono=2.4gCO2  [OK]
  Trial 04/10 [wf_512_tasks_8_cores_trial04.json] ... makespan=7.6876s    energia=0.005kWh carbono=2.3gCO2  [OK]
  Trial 05/10 [wf_512_tasks_8_cores_trial05.json] ... makespan=7.5585s    energia=0.005kWh carbono=2.2gCO2  [OK]
  Trial 06/10 [wf_512_tasks_8_cores_trial06.json] ... makespan=8.6213s    energia=0.005kWh carbono=2.5gCO2  [OK]
  Trial 07/10 [wf_512_tasks_8_cores_trial07.json] ... makespan=7.7368s    energia=0.005kWh carbono=2.2gCO2  [OK]
  Trial 08/10 [wf_512_tasks_8_cores_trial08.json] ... makespan=8.7585s    energia=0.005kWh carbono=2.6gCO2  [OK]
  Trial 09/10 [wf_512_tasks_8_cores_trial09.json] ... makespan=8.1885s    energia=0.005kWh carbono=2.4gCO2  [OK]
  Trial 10/10 [wf_512_tasks_8_cores_trial10.json] ... makespan=7.1765s    energia=0.004kWh carbono=2.1gCO2  [OK]
  Progresso global: 130/160 (81%)

────────────────────────────────────────────────────────
  Heurística : IPEFT
  Escala     : 2048 tarefas  |  Plataforma: 8 cores
────────────────────────────────────────────────────────
  Trial 01/10 [wf_2048_tasks_8_cores_trial01.json] ... makespan=32.5623s   energia=0.020kWh carbono=9.6gCO2  [OK]
  Trial 02/10 [wf_2048_tasks_8_cores_trial02.json] ... makespan=31.7241s   energia=0.020kWh carbono=9.7gCO2  [OK]
  Trial 03/10 [wf_2048_tasks_8_cores_trial03.json] ... makespan=31.3799s   energia=0.020kWh carbono=9.3gCO2  [OK]
  Trial 04/10 [wf_2048_tasks_8_cores_trial04.json] ... makespan=30.6360s   energia=0.019kWh carbono=9.1gCO2  [OK]
  Trial 05/10 [wf_2048_tasks_8_cores_trial05.json] ... makespan=28.0036s   energia=0.018kWh carbono=8.4gCO2  [OK]
  Trial 06/10 [wf_2048_tasks_8_cores_trial06.json] ... makespan=28.6186s   energia=0.018kWh carbono=8.5gCO2  [OK]
  Trial 07/10 [wf_2048_tasks_8_cores_trial07.json] ... makespan=30.1805s   energia=0.019kWh carbono=8.8gCO2  [OK]
  Trial 08/10 [wf_2048_tasks_8_cores_trial08.json] ... makespan=31.0782s   energia=0.019kWh carbono=9.1gCO2  [OK]
  Trial 09/10 [wf_2048_tasks_8_cores_trial09.json] ... makespan=31.5872s   energia=0.020kWh carbono=9.5gCO2  [OK]
  Trial 10/10 [wf_2048_tasks_8_cores_trial10.json] ... makespan=29.7290s   energia=0.019kWh carbono=8.8gCO2  [OK]
  Progresso global: 140/160 (87%)

────────────────────────────────────────────────────────
  Heurística : IPEFT
  Escala     : 256 tarefas  |  Plataforma: 8 cores
────────────────────────────────────────────────────────
  Trial 01/10 [wf_256_tasks_8_cores_trial01.json] ... makespan=4.0083s    energia=0.002kWh carbono=1.2gCO2  [OK]
  Trial 02/10 [wf_256_tasks_8_cores_trial02.json] ... makespan=5.0392s    energia=0.004kWh carbono=1.7gCO2  [OK]
  Trial 03/10 [wf_256_tasks_8_cores_trial03.json] ... makespan=4.0845s    energia=0.003kWh carbono=1.2gCO2  [OK]
  Trial 04/10 [wf_256_tasks_8_cores_trial04.json] ... makespan=4.7478s    energia=0.003kWh carbono=1.3gCO2  [OK]
  Trial 05/10 [wf_256_tasks_8_cores_trial05.json] ... makespan=3.4816s    energia=0.002kWh carbono=1.0gCO2  [OK]
  Trial 06/10 [wf_256_tasks_8_cores_trial06.json] ... makespan=3.7596s    energia=0.002kWh carbono=1.1gCO2  [OK]
  Trial 07/10 [wf_256_tasks_8_cores_trial07.json] ... makespan=3.9493s    energia=0.002kWh carbono=1.1gCO2  [OK]
  Trial 08/10 [wf_256_tasks_8_cores_trial08.json] ... makespan=4.8440s    energia=0.003kWh carbono=1.4gCO2  [OK]
  Trial 09/10 [wf_256_tasks_8_cores_trial09.json] ... makespan=3.7975s    energia=0.002kWh carbono=1.0gCO2  [OK]
  Trial 10/10 [wf_256_tasks_8_cores_trial10.json] ... makespan=3.7794s    energia=0.002kWh carbono=1.1gCO2  [OK]
  Progresso global: 150/160 (93%)

────────────────────────────────────────────────────────
  Heurística : IPEFT
  Escala     : 1024 tarefas  |  Plataforma: 8 cores
────────────────────────────────────────────────────────
  Trial 01/10 [wf_1024_tasks_8_cores_trial01.json] ... makespan=16.0156s   energia=0.010kWh carbono=4.8gCO2  [OK]
  Trial 02/10 [wf_1024_tasks_8_cores_trial02.json] ... makespan=16.2789s   energia=0.011kWh carbono=5.0gCO2  [OK]
  Trial 03/10 [wf_1024_tasks_8_cores_trial03.json] ... makespan=15.9005s   energia=0.010kWh carbono=4.7gCO2  [OK]
  Trial 04/10 [wf_1024_tasks_8_cores_trial04.json] ... makespan=14.9242s   energia=0.009kWh carbono=4.4gCO2  [OK]
  Trial 05/10 [wf_1024_tasks_8_cores_trial05.json] ... makespan=13.8478s   energia=0.009kWh carbono=4.1gCO2  [OK]
  Trial 06/10 [wf_1024_tasks_8_cores_trial06.json] ... makespan=14.0569s   energia=0.009kWh carbono=4.2gCO2  [OK]
  Trial 07/10 [wf_1024_tasks_8_cores_trial07.json] ... makespan=16.7283s   energia=0.010kWh carbono=4.7gCO2  [OK]
  Trial 08/10 [wf_1024_tasks_8_cores_trial08.json] ... makespan=15.4052s   energia=0.010kWh carbono=4.6gCO2  [OK]
  Trial 09/10 [wf_1024_tasks_8_cores_trial09.json] ... makespan=16.6847s   energia=0.010kWh carbono=4.8gCO2  [OK]
  Trial 10/10 [wf_1024_tasks_8_cores_trial10.json] ... makespan=16.3654s   energia=0.010kWh carbono=4.8gCO2  [OK]
  Progresso global: 160/160 (100%)

============================================================
  EXECUÇÃO CONCLUÍDA — 2026-03-16 11:04:15
============================================================
  Simulações completas : 160
  Falhas               : 0
  Arquivo principal    : /home/wrench/results/results_raw.csv
  Arquivo GPUs         : /home/wrench/results/results_gpu.csv
  Log completo         : /home/wrench/results/run_experiments.log
============================================================

  [OK] CSV completo: 160 linhas (esperado: 160)

============================================================
  Iniciando experimentos — 2026-05-10 20:23:21
  Root dir : /home/wrench
  Trials   : 10
  Saída    : /home/wrench/results
============================================================

  Verificando arquivos de workflow...
  Todos os arquivos de workflow presentes. Iniciando simulações...


────────────────────────────────────────────────────────
  Heurística : MOHEFT
  Escala     : 512 tarefas  |  Plataforma: 8 cores
────────────────────────────────────────────────────────
  Trial 01/10 [wf_512_tasks_8_cores_trial01.json] ... makespan=7.4502s    energia=0.005kWh carbono=2.2gCO2  [OK]
  Trial 02/10 [wf_512_tasks_8_cores_trial02.json] ... makespan=9.5079s    energia=0.006kWh carbono=3.0gCO2  [OK]
  Trial 03/10 [wf_512_tasks_8_cores_trial03.json] ... ============================================================
  Iniciando experimentos — 2026-05-10 20:35:33
  Root dir   : /home/wrench
  Trials     : 30
  Dry-run    : 0
  Saída      : /home/wrench/results
============================================================

  [1/3] Verificando binários dos simuladores...
  [OK]      /home/wrench/CarbonPolywrench_MOHEFT/build/my-wrench-simulator
  [OK]      /home/wrench/CarbonPolywrench_HEFT/build/my-wrench-simulator
  [OK]      /home/wrench/CarbonPolywrench_PEFT/build/my-wrench-simulator
  [OK]      /home/wrench/CarbonPolywrench_IPEFT/build/my-wrench-simulator

  [2/3] Verificando arquivos de workflow...
  [AUSENTE] /home/wrench/Polybench_Workflows/trials_512/wf_512_tasks_8_cores_trial11.json
  [AUSENTE] /home/wrench/Polybench_Workflows/trials_512/wf_512_tasks_8_cores_trial12.json
  [AUSENTE] /home/wrench/Polybench_Workflows/trials_512/wf_512_tasks_8_cores_trial13.json
  [AUSENTE] /home/wrench/Polybench_Workflows/trials_512/wf_512_tasks_8_cores_trial14.json
  [AUSENTE] /home/wrench/Polybench_Workflows/trials_512/wf_512_tasks_8_cores_trial15.json
  [AUSENTE] /home/wrench/Polybench_Workflows/trials_512/wf_512_tasks_8_cores_trial16.json
  [AUSENTE] /home/wrench/Polybench_Workflows/trials_512/wf_512_tasks_8_cores_trial17.json
  [AUSENTE] /home/wrench/Polybench_Workflows/trials_512/wf_512_tasks_8_cores_trial18.json
  [AUSENTE] /home/wrench/Polybench_Workflows/trials_512/wf_512_tasks_8_cores_trial19.json
  [AUSENTE] /home/wrench/Polybench_Workflows/trials_512/wf_512_tasks_8_cores_trial20.json
  [AUSENTE] /home/wrench/Polybench_Workflows/trials_512/wf_512_tasks_8_cores_trial21.json
  [AUSENTE] /home/wrench/Polybench_Workflows/trials_512/wf_512_tasks_8_cores_trial22.json
  [AUSENTE] /home/wrench/Polybench_Workflows/trials_512/wf_512_tasks_8_cores_trial23.json
  [AUSENTE] /home/wrench/Polybench_Workflows/trials_512/wf_512_tasks_8_cores_trial24.json
  [AUSENTE] /home/wrench/Polybench_Workflows/trials_512/wf_512_tasks_8_cores_trial25.json
  [AUSENTE] /home/wrench/Polybench_Workflows/trials_512/wf_512_tasks_8_cores_trial26.json
  [AUSENTE] /home/wrench/Polybench_Workflows/trials_512/wf_512_tasks_8_cores_trial27.json
  [AUSENTE] /home/wrench/Polybench_Workflows/trials_512/wf_512_tasks_8_cores_trial28.json
  [AUSENTE] /home/wrench/Polybench_Workflows/trials_512/wf_512_tasks_8_cores_trial29.json
  [AUSENTE] /home/wrench/Polybench_Workflows/trials_512/wf_512_tasks_8_cores_trial30.json
  [AUSENTE] /home/wrench/Polybench_Workflows/trials_2048/wf_2048_tasks_8_cores_trial11.json
  [AUSENTE] /home/wrench/Polybench_Workflows/trials_2048/wf_2048_tasks_8_cores_trial12.json
  [AUSENTE] /home/wrench/Polybench_Workflows/trials_2048/wf_2048_tasks_8_cores_trial13.json
  [AUSENTE] /home/wrench/Polybench_Workflows/trials_2048/wf_2048_tasks_8_cores_trial14.json
  [AUSENTE] /home/wrench/Polybench_Workflows/trials_2048/wf_2048_tasks_8_cores_trial15.json
  [AUSENTE] /home/wrench/Polybench_Workflows/trials_2048/wf_2048_tasks_8_cores_trial16.json
  [AUSENTE] /home/wrench/Polybench_Workflows/trials_2048/wf_2048_tasks_8_cores_trial17.json
  [AUSENTE] /home/wrench/Polybench_Workflows/trials_2048/wf_2048_tasks_8_cores_trial18.json
  [AUSENTE] /home/wrench/Polybench_Workflows/trials_2048/wf_2048_tasks_8_cores_trial19.json
  [AUSENTE] /home/wrench/Polybench_Workflows/trials_2048/wf_2048_tasks_8_cores_trial20.json
  [AUSENTE] /home/wrench/Polybench_Workflows/trials_2048/wf_2048_tasks_8_cores_trial21.json
  [AUSENTE] /home/wrench/Polybench_Workflows/trials_2048/wf_2048_tasks_8_cores_trial22.json
  [AUSENTE] /home/wrench/Polybench_Workflows/trials_2048/wf_2048_tasks_8_cores_trial23.json
  [AUSENTE] /home/wrench/Polybench_Workflows/trials_2048/wf_2048_tasks_8_cores_trial24.json
  [AUSENTE] /home/wrench/Polybench_Workflows/trials_2048/wf_2048_tasks_8_cores_trial25.json
  [AUSENTE] /home/wrench/Polybench_Workflows/trials_2048/wf_2048_tasks_8_cores_trial26.json
  [AUSENTE] /home/wrench/Polybench_Workflows/trials_2048/wf_2048_tasks_8_cores_trial27.json
  [AUSENTE] /home/wrench/Polybench_Workflows/trials_2048/wf_2048_tasks_8_cores_trial28.json
  [AUSENTE] /home/wrench/Polybench_Workflows/trials_2048/wf_2048_tasks_8_cores_trial29.json
  [AUSENTE] /home/wrench/Polybench_Workflows/trials_2048/wf_2048_tasks_8_cores_trial30.json
  [AUSENTE] /home/wrench/Polybench_Workflows/trials_256/wf_256_tasks_8_cores_trial11.json
  [AUSENTE] /home/wrench/Polybench_Workflows/trials_256/wf_256_tasks_8_cores_trial12.json
  [AUSENTE] /home/wrench/Polybench_Workflows/trials_256/wf_256_tasks_8_cores_trial13.json
  [AUSENTE] /home/wrench/Polybench_Workflows/trials_256/wf_256_tasks_8_cores_trial14.json
  [AUSENTE] /home/wrench/Polybench_Workflows/trials_256/wf_256_tasks_8_cores_trial15.json
  [AUSENTE] /home/wrench/Polybench_Workflows/trials_256/wf_256_tasks_8_cores_trial16.json
  [AUSENTE] /home/wrench/Polybench_Workflows/trials_256/wf_256_tasks_8_cores_trial17.json
  [AUSENTE] /home/wrench/Polybench_Workflows/trials_256/wf_256_tasks_8_cores_trial18.json
  [AUSENTE] /home/wrench/Polybench_Workflows/trials_256/wf_256_tasks_8_cores_trial19.json
  [AUSENTE] /home/wrench/Polybench_Workflows/trials_256/wf_256_tasks_8_cores_trial20.json
  [AUSENTE] /home/wrench/Polybench_Workflows/trials_256/wf_256_tasks_8_cores_trial21.json
  [AUSENTE] /home/wrench/Polybench_Workflows/trials_256/wf_256_tasks_8_cores_trial22.json
  [AUSENTE] /home/wrench/Polybench_Workflows/trials_256/wf_256_tasks_8_cores_trial23.json
  [AUSENTE] /home/wrench/Polybench_Workflows/trials_256/wf_256_tasks_8_cores_trial24.json
  [AUSENTE] /home/wrench/Polybench_Workflows/trials_256/wf_256_tasks_8_cores_trial25.json
  [AUSENTE] /home/wrench/Polybench_Workflows/trials_256/wf_256_tasks_8_cores_trial26.json
  [AUSENTE] /home/wrench/Polybench_Workflows/trials_256/wf_256_tasks_8_cores_trial27.json
  [AUSENTE] /home/wrench/Polybench_Workflows/trials_256/wf_256_tasks_8_cores_trial28.json
  [AUSENTE] /home/wrench/Polybench_Workflows/trials_256/wf_256_tasks_8_cores_trial29.json
  [AUSENTE] /home/wrench/Polybench_Workflows/trials_256/wf_256_tasks_8_cores_trial30.json
  [AUSENTE] /home/wrench/Polybench_Workflows/trials_1024/wf_1024_tasks_8_cores_trial11.json
  [AUSENTE] /home/wrench/Polybench_Workflows/trials_1024/wf_1024_tasks_8_cores_trial12.json
  [AUSENTE] /home/wrench/Polybench_Workflows/trials_1024/wf_1024_tasks_8_cores_trial13.json
  [AUSENTE] /home/wrench/Polybench_Workflows/trials_1024/wf_1024_tasks_8_cores_trial14.json
  [AUSENTE] /home/wrench/Polybench_Workflows/trials_1024/wf_1024_tasks_8_cores_trial15.json
  [AUSENTE] /home/wrench/Polybench_Workflows/trials_1024/wf_1024_tasks_8_cores_trial16.json
  [AUSENTE] /home/wrench/Polybench_Workflows/trials_1024/wf_1024_tasks_8_cores_trial17.json
  [AUSENTE] /home/wrench/Polybench_Workflows/trials_1024/wf_1024_tasks_8_cores_trial18.json
  [AUSENTE] /home/wrench/Polybench_Workflows/trials_1024/wf_1024_tasks_8_cores_trial19.json
  [AUSENTE] /home/wrench/Polybench_Workflows/trials_1024/wf_1024_tasks_8_cores_trial20.json
  [AUSENTE] /home/wrench/Polybench_Workflows/trials_1024/wf_1024_tasks_8_cores_trial21.json
  [AUSENTE] /home/wrench/Polybench_Workflows/trials_1024/wf_1024_tasks_8_cores_trial22.json
  [AUSENTE] /home/wrench/Polybench_Workflows/trials_1024/wf_1024_tasks_8_cores_trial23.json
  [AUSENTE] /home/wrench/Polybench_Workflows/trials_1024/wf_1024_tasks_8_cores_trial24.json
  [AUSENTE] /home/wrench/Polybench_Workflows/trials_1024/wf_1024_tasks_8_cores_trial25.json
  [AUSENTE] /home/wrench/Polybench_Workflows/trials_1024/wf_1024_tasks_8_cores_trial26.json
  [AUSENTE] /home/wrench/Polybench_Workflows/trials_1024/wf_1024_tasks_8_cores_trial27.json
  [AUSENTE] /home/wrench/Polybench_Workflows/trials_1024/wf_1024_tasks_8_cores_trial28.json
  [AUSENTE] /home/wrench/Polybench_Workflows/trials_1024/wf_1024_tasks_8_cores_trial29.json
  [AUSENTE] /home/wrench/Polybench_Workflows/trials_1024/wf_1024_tasks_8_cores_trial30.json

  [ERRO] 80 arquivo(s) de workflow não encontrado(s).
  Gere os workflows primeiro:

    cd ~/Polybench_Workflows
    for tasks in 256 512 1024 2048; do
        python3 workflow_generator.py \
            --folder ./data --tasks $tasks --platform 8 --oversub 2 \
            --batch --n-trials 30 --base-seed 1000 \
            --output-dir ./trials_${tasks}
    done

============================================================
  Iniciando experimentos — 2026-05-21 19:02:43
  Root dir : /home/wrench
  Trials   : 10
  Saída    : /home/wrench/results
============================================================

  Verificando arquivos de workflow...
  Todos os arquivos de workflow presentes. Iniciando simulações...


────────────────────────────────────────────────────────
  Heurística : MOHEFT
  Escala     : 512 tarefas  |  Plataforma: 8 cores
────────────────────────────────────────────────────────
  Trial 01/10 [wf_512_tasks_8_cores_trial01.json] ... makespan=7.8896s    energia=0.005kWh carbono=2.3gCO2  [OK]
  Trial 02/10 [wf_512_tasks_8_cores_trial02.json] ... makespan=7.9547s    energia=0.005kWh carbono=2.3gCO2  [OK]
  Trial 03/10 [wf_512_tasks_8_cores_trial03.json] ... makespan=8.7555s    energia=0.005kWh carbono=2.6gCO2  [OK]
  Trial 04/10 [wf_512_tasks_8_cores_trial04.json] ... makespan=8.5547s    energia=0.005kWh carbono=2.5gCO2  [OK]
  Trial 05/10 [wf_512_tasks_8_cores_trial05.json] ... makespan=7.8698s    energia=0.005kWh carbono=2.3gCO2  [OK]
  Trial 06/10 [wf_512_tasks_8_cores_trial06.json] ... makespan=7.4222s    energia=0.005kWh carbono=2.2gCO2  [OK]
  Trial 07/10 [wf_512_tasks_8_cores_trial07.json] ... makespan=8.1412s    energia=0.005kWh carbono=2.3gCO2  [OK]
  Trial 08/10 [wf_512_tasks_8_cores_trial08.json] ... makespan=7.3902s    energia=0.005kWh carbono=2.2gCO2  [OK]
  Trial 09/10 [wf_512_tasks_8_cores_trial09.json] ... makespan=7.7631s    energia=0.005kWh carbono=2.2gCO2  [OK]
  Trial 10/10 [wf_512_tasks_8_cores_trial10.json] ... makespan=8.2421s    energia=0.005kWh carbono=2.4gCO2  [OK]
  Progresso global: 10/160 (6%)

────────────────────────────────────────────────────────
  Heurística : MOHEFT
  Escala     : 2048 tarefas  |  Plataforma: 8 cores
────────────────────────────────────────────────────────
  Trial 01/10 [wf_2048_tasks_8_cores_trial01.json] ... makespan=30.9777s   energia=0.019kWh carbono=9.2gCO2  [OK]
  Trial 02/10 [wf_2048_tasks_8_cores_trial02.json] ... makespan=31.2469s   energia=0.020kWh carbono=9.3gCO2  [OK]
  Trial 03/10 [wf_2048_tasks_8_cores_trial03.json] ... makespan=31.2804s   energia=0.020kWh carbono=9.6gCO2  [OK]
  Trial 04/10 [wf_2048_tasks_8_cores_trial04.json] ... makespan=30.6561s   energia=0.020kWh carbono=9.3gCO2  [OK]
  Trial 05/10 [wf_2048_tasks_8_cores_trial05.json] ... makespan=30.8265s   energia=0.020kWh carbono=9.4gCO2  [OK]
  Trial 06/10 [wf_2048_tasks_8_cores_trial06.json] ... makespan=30.3661s   energia=0.019kWh carbono=9.1gCO2  [OK]
  Trial 07/10 [wf_2048_tasks_8_cores_trial07.json] ... makespan=31.3596s   energia=0.020kWh carbono=9.5gCO2  [OK]
  Trial 08/10 [wf_2048_tasks_8_cores_trial08.json] ... makespan=31.7437s   energia=0.020kWh carbono=9.3gCO2  [OK]
  Trial 09/10 [wf_2048_tasks_8_cores_trial09.json] ... makespan=31.8519s   energia=0.020kWh carbono=9.4gCO2  [OK]
  Trial 10/10 [wf_2048_tasks_8_cores_trial10.json] ... makespan=29.9539s   energia=0.018kWh carbono=8.7gCO2  [OK]
  Progresso global: 20/160 (12%)

────────────────────────────────────────────────────────
  Heurística : MOHEFT
  Escala     : 256 tarefas  |  Plataforma: 8 cores
────────────────────────────────────────────────────────
  Trial 01/10 [wf_256_tasks_8_cores_trial01.json] ... makespan=4.4719s    energia=0.003kWh carbono=1.3gCO2  [OK]
  Trial 02/10 [wf_256_tasks_8_cores_trial02.json] ... makespan=4.2789s    energia=0.003kWh carbono=1.2gCO2  [OK]
  Trial 03/10 [wf_256_tasks_8_cores_trial03.json] ... makespan=4.7614s    energia=0.003kWh carbono=1.3gCO2  [OK]
  Trial 04/10 [wf_256_tasks_8_cores_trial04.json] ... makespan=3.7434s    energia=0.002kWh carbono=1.0gCO2  [OK]
  Trial 05/10 [wf_256_tasks_8_cores_trial05.json] ... makespan=4.3300s    energia=0.003kWh carbono=1.2gCO2  [OK]
  Trial 06/10 [wf_256_tasks_8_cores_trial06.json] ... makespan=4.4028s    energia=0.003kWh carbono=1.3gCO2  [OK]
  Trial 07/10 [wf_256_tasks_8_cores_trial07.json] ... makespan=4.2056s    energia=0.002kWh carbono=1.1gCO2  [OK]
  Trial 08/10 [wf_256_tasks_8_cores_trial08.json] ... makespan=3.6488s    energia=0.002kWh carbono=1.1gCO2  [OK]
  Trial 09/10 [wf_256_tasks_8_cores_trial09.json] ... makespan=4.4257s    energia=0.003kWh carbono=1.2gCO2  [OK]
  Trial 10/10 [wf_256_tasks_8_cores_trial10.json] ... makespan=4.5986s    energia=0.003kWh carbono=1.3gCO2  [OK]
  Progresso global: 30/160 (18%)

────────────────────────────────────────────────────────
  Heurística : MOHEFT
  Escala     : 1024 tarefas  |  Plataforma: 8 cores
────────────────────────────────────────────────────────
  Trial 01/10 [wf_1024_tasks_8_cores_trial01.json] ... makespan=15.5787s   energia=0.009kWh carbono=4.4gCO2  [OK]
  Trial 02/10 [wf_1024_tasks_8_cores_trial02.json] ... makespan=14.3647s   energia=0.009kWh carbono=4.1gCO2  [OK]
  Trial 03/10 [wf_1024_tasks_8_cores_trial03.json] ... makespan=15.7354s   energia=0.010kWh carbono=4.8gCO2  [OK]
  Trial 04/10 [wf_1024_tasks_8_cores_trial04.json] ... makespan=14.9062s   energia=0.009kWh carbono=4.5gCO2  [OK]
  Trial 05/10 [wf_1024_tasks_8_cores_trial05.json] ... makespan=16.5492s   energia=0.010kWh carbono=4.9gCO2  [OK]
  Trial 06/10 [wf_1024_tasks_8_cores_trial06.json] ... makespan=14.8436s   energia=0.009kWh carbono=4.4gCO2  [OK]
  Trial 07/10 [wf_1024_tasks_8_cores_trial07.json] ... makespan=16.2534s   energia=0.010kWh carbono=4.7gCO2  [OK]
  Trial 08/10 [wf_1024_tasks_8_cores_trial08.json] ... makespan=15.8431s   energia=0.010kWh carbono=4.7gCO2  [OK]
  Trial 09/10 [wf_1024_tasks_8_cores_trial09.json] ... makespan=16.2749s   energia=0.010kWh carbono=4.7gCO2  [OK]
  Trial 10/10 [wf_1024_tasks_8_cores_trial10.json] ... makespan=15.4348s   energia=0.009kWh carbono=4.4gCO2  [OK]
  Progresso global: 40/160 (25%)

────────────────────────────────────────────────────────
  Heurística : HEFT
  Escala     : 512 tarefas  |  Plataforma: 8 cores
────────────────────────────────────────────────────────
  Trial 01/10 [wf_512_tasks_8_cores_trial01.json] ... makespan=8.6969s    energia=0.005kWh carbono=2.4gCO2  [OK]
  Trial 02/10 [wf_512_tasks_8_cores_trial02.json] ... makespan=8.5028s    energia=0.005kWh carbono=2.4gCO2  [OK]
  Trial 03/10 [wf_512_tasks_8_cores_trial03.json] ... makespan=8.8559s    energia=0.005kWh carbono=2.5gCO2  [OK]
  Trial 04/10 [wf_512_tasks_8_cores_trial04.json] ... makespan=8.5635s    energia=0.005kWh carbono=2.4gCO2  [OK]
  Trial 05/10 [wf_512_tasks_8_cores_trial05.json] ... makespan=7.9892s    energia=0.005kWh carbono=2.3gCO2  [OK]
  Trial 06/10 [wf_512_tasks_8_cores_trial06.json] ... makespan=7.5955s    energia=0.005kWh carbono=2.2gCO2  [OK]
  Trial 07/10 [wf_512_tasks_8_cores_trial07.json] ... makespan=8.0024s    energia=0.005kWh carbono=2.3gCO2  [OK]
  Trial 08/10 [wf_512_tasks_8_cores_trial08.json] ... makespan=7.7996s    energia=0.005kWh carbono=2.2gCO2  [OK]
  Trial 09/10 [wf_512_tasks_8_cores_trial09.json] ... makespan=8.2833s    energia=0.005kWh carbono=2.3gCO2  [OK]
  Trial 10/10 [wf_512_tasks_8_cores_trial10.json] ... makespan=8.2990s    energia=0.005kWh carbono=2.3gCO2  [OK]
  Progresso global: 50/160 (31%)

────────────────────────────────────────────────────────
  Heurística : HEFT
  Escala     : 2048 tarefas  |  Plataforma: 8 cores
────────────────────────────────────────────────────────
  Trial 01/10 [wf_2048_tasks_8_cores_trial01.json] ... makespan=32.0088s   energia=0.019kWh carbono=9.2gCO2  [OK]
  Trial 02/10 [wf_2048_tasks_8_cores_trial02.json] ... makespan=31.1442s   energia=0.019kWh carbono=9.1gCO2  [OK]
  Trial 03/10 [wf_2048_tasks_8_cores_trial03.json] ... makespan=33.4448s   energia=0.021kWh carbono=9.9gCO2  [OK]
  Trial 04/10 [wf_2048_tasks_8_cores_trial04.json] ... makespan=31.2236s   energia=0.019kWh carbono=9.2gCO2  [OK]
  Trial 05/10 [wf_2048_tasks_8_cores_trial05.json] ... makespan=31.8234s   energia=0.020kWh carbono=9.3gCO2  [OK]
  Trial 06/10 [wf_2048_tasks_8_cores_trial06.json] ... makespan=31.2042s   energia=0.019kWh carbono=9.0gCO2  [OK]
  Trial 07/10 [wf_2048_tasks_8_cores_trial07.json] ... makespan=32.8639s   energia=0.020kWh carbono=9.5gCO2  [OK]
  Trial 08/10 [wf_2048_tasks_8_cores_trial08.json] ... makespan=32.4114s   energia=0.020kWh carbono=9.3gCO2  [OK]
  Trial 09/10 [wf_2048_tasks_8_cores_trial09.json] ... makespan=33.6550s   energia=0.020kWh carbono=9.6gCO2  [OK]
  Trial 10/10 [wf_2048_tasks_8_cores_trial10.json] ... makespan=30.6708s   energia=0.018kWh carbono=8.7gCO2  [OK]
  Progresso global: 60/160 (37%)

────────────────────────────────────────────────────────
  Heurística : HEFT
  Escala     : 256 tarefas  |  Plataforma: 8 cores
────────────────────────────────────────────────────────
  Trial 01/10 [wf_256_tasks_8_cores_trial01.json] ... makespan=4.5532s    energia=0.003kWh carbono=1.3gCO2  [OK]
  Trial 02/10 [wf_256_tasks_8_cores_trial02.json] ... makespan=4.4033s    energia=0.003kWh carbono=1.2gCO2  [OK]
  Trial 03/10 [wf_256_tasks_8_cores_trial03.json] ... makespan=5.2752s    energia=0.003kWh carbono=1.5gCO2  [OK]
  Trial 04/10 [wf_256_tasks_8_cores_trial04.json] ... makespan=4.1615s    energia=0.002kWh carbono=1.1gCO2  [OK]
  Trial 05/10 [wf_256_tasks_8_cores_trial05.json] ... makespan=4.3667s    energia=0.003kWh carbono=1.2gCO2  [OK]
  Trial 06/10 [wf_256_tasks_8_cores_trial06.json] ... makespan=4.1961s    energia=0.003kWh carbono=1.2gCO2  [OK]
  Trial 07/10 [wf_256_tasks_8_cores_trial07.json] ... makespan=4.2057s    energia=0.002kWh carbono=1.1gCO2  [OK]
  Trial 08/10 [wf_256_tasks_8_cores_trial08.json] ... makespan=4.0116s    energia=0.002kWh carbono=1.2gCO2  [OK]
  Trial 09/10 [wf_256_tasks_8_cores_trial09.json] ... makespan=4.5278s    energia=0.003kWh carbono=1.3gCO2  [OK]
  Trial 10/10 [wf_256_tasks_8_cores_trial10.json] ... makespan=4.5243s    energia=0.003kWh carbono=1.3gCO2  [OK]
  Progresso global: 70/160 (43%)

────────────────────────────────────────────────────────
  Heurística : HEFT
  Escala     : 1024 tarefas  |  Plataforma: 8 cores
────────────────────────────────────────────────────────
  Trial 01/10 [wf_1024_tasks_8_cores_trial01.json] ... makespan=15.4370s   energia=0.009kWh carbono=4.4gCO2  [OK]
  Trial 02/10 [wf_1024_tasks_8_cores_trial02.json] ... makespan=14.1853s   energia=0.008kWh carbono=4.0gCO2  [OK]
  Trial 03/10 [wf_1024_tasks_8_cores_trial03.json] ... makespan=17.0913s   energia=0.011kWh carbono=5.0gCO2  [OK]
  Trial 04/10 [wf_1024_tasks_8_cores_trial04.json] ... makespan=17.4121s   energia=0.010kWh carbono=4.9gCO2  [OK]
  Trial 05/10 [wf_1024_tasks_8_cores_trial05.json] ... makespan=17.8861s   energia=0.011kWh carbono=5.1gCO2  [OK]
  Trial 06/10 [wf_1024_tasks_8_cores_trial06.json] ... makespan=15.3742s   energia=0.009kWh carbono=4.4gCO2  [OK]
  Trial 07/10 [wf_1024_tasks_8_cores_trial07.json] ... makespan=16.9035s   energia=0.010kWh carbono=4.7gCO2  [OK]
  Trial 08/10 [wf_1024_tasks_8_cores_trial08.json] ... makespan=16.0004s   energia=0.010kWh carbono=4.7gCO2  [OK]
  Trial 09/10 [wf_1024_tasks_8_cores_trial09.json] ... makespan=16.2669s   energia=0.010kWh carbono=4.6gCO2  [OK]
  Trial 10/10 [wf_1024_tasks_8_cores_trial10.json] ... makespan=16.0313s   energia=0.009kWh carbono=4.5gCO2  [OK]
  Progresso global: 80/160 (50%)

────────────────────────────────────────────────────────
  Heurística : PEFT
  Escala     : 512 tarefas  |  Plataforma: 8 cores
────────────────────────────────────────────────────────
  Trial 01/10 [wf_512_tasks_8_cores_trial01.json] ... makespan=7.5476s    energia=0.005kWh carbono=2.2gCO2  [OK]
  Trial 02/10 [wf_512_tasks_8_cores_trial02.json] ... makespan=8.1204s    energia=0.005kWh carbono=2.4gCO2  [OK]
  Trial 03/10 [wf_512_tasks_8_cores_trial03.json] ... makespan=8.3673s    energia=0.005kWh carbono=2.5gCO2  [OK]
  Trial 04/10 [wf_512_tasks_8_cores_trial04.json] ... makespan=8.3030s    energia=0.005kWh carbono=2.4gCO2  [OK]
  Trial 05/10 [wf_512_tasks_8_cores_trial05.json] ... makespan=7.9073s    energia=0.005kWh carbono=2.3gCO2  [OK]
  Trial 06/10 [wf_512_tasks_8_cores_trial06.json] ... makespan=7.3392s    energia=0.005kWh carbono=2.2gCO2  [OK]
  Trial 07/10 [wf_512_tasks_8_cores_trial07.json] ... makespan=8.0173s    energia=0.005kWh carbono=2.3gCO2  [OK]
  Trial 08/10 [wf_512_tasks_8_cores_trial08.json] ... makespan=7.8768s    energia=0.005kWh carbono=2.2gCO2  [OK]
  Trial 09/10 [wf_512_tasks_8_cores_trial09.json] ... makespan=7.6953s    energia=0.005kWh carbono=2.2gCO2  [OK]
  Trial 10/10 [wf_512_tasks_8_cores_trial10.json] ... makespan=7.9867s    energia=0.005kWh carbono=2.3gCO2  [OK]
  Progresso global: 90/160 (56%)

────────────────────────────────────────────────────────
  Heurística : PEFT
  Escala     : 2048 tarefas  |  Plataforma: 8 cores
────────────────────────────────────────────────────────
  Trial 01/10 [wf_2048_tasks_8_cores_trial01.json] ... makespan=32.6286s   energia=0.020kWh carbono=9.5gCO2  [OK]
  Trial 02/10 [wf_2048_tasks_8_cores_trial02.json] ... makespan=31.6378s   energia=0.020kWh carbono=9.4gCO2  [OK]
  Trial 03/10 [wf_2048_tasks_8_cores_trial03.json] ... makespan=31.4032s   energia=0.020kWh carbono=9.7gCO2  [OK]
  Trial 04/10 [wf_2048_tasks_8_cores_trial04.json] ... makespan=31.4881s   energia=0.020kWh carbono=9.5gCO2  [OK]
  Trial 05/10 [wf_2048_tasks_8_cores_trial05.json] ... makespan=31.0297s   energia=0.020kWh carbono=9.4gCO2  [OK]
  Trial 06/10 [wf_2048_tasks_8_cores_trial06.json] ... makespan=29.8229s   energia=0.019kWh carbono=9.0gCO2  [OK]
  Trial 07/10 [wf_2048_tasks_8_cores_trial07.json] ... makespan=33.3178s   energia=0.021kWh carbono=9.9gCO2  [OK]
  Trial 08/10 [wf_2048_tasks_8_cores_trial08.json] ... makespan=30.5989s   energia=0.019kWh carbono=9.1gCO2  [OK]
  Trial 09/10 [wf_2048_tasks_8_cores_trial09.json] ... makespan=33.0461s   energia=0.020kWh carbono=9.6gCO2  [OK]
  Trial 10/10 [wf_2048_tasks_8_cores_trial10.json] ... makespan=30.4342s   energia=0.019kWh carbono=8.8gCO2  [OK]
  Progresso global: 100/160 (62%)

────────────────────────────────────────────────────────
  Heurística : PEFT
  Escala     : 256 tarefas  |  Plataforma: 8 cores
────────────────────────────────────────────────────────
  Trial 01/10 [wf_256_tasks_8_cores_trial01.json] ... makespan=4.6346s    energia=0.003kWh carbono=1.3gCO2  [OK]
  Trial 02/10 [wf_256_tasks_8_cores_trial02.json] ... makespan=4.3758s    energia=0.003kWh carbono=1.2gCO2  [OK]
  Trial 03/10 [wf_256_tasks_8_cores_trial03.json] ... makespan=4.8443s    energia=0.003kWh carbono=1.4gCO2  [OK]
  Trial 04/10 [wf_256_tasks_8_cores_trial04.json] ... makespan=3.7012s    energia=0.002kWh carbono=1.0gCO2  [OK]
  Trial 05/10 [wf_256_tasks_8_cores_trial05.json] ... makespan=4.2617s    energia=0.003kWh carbono=1.2gCO2  [OK]
  Trial 06/10 [wf_256_tasks_8_cores_trial06.json] ... makespan=4.2098s    energia=0.003kWh carbono=1.2gCO2  [OK]
  Trial 07/10 [wf_256_tasks_8_cores_trial07.json] ... makespan=4.2243s    energia=0.002kWh carbono=1.1gCO2  [OK]
  Trial 08/10 [wf_256_tasks_8_cores_trial08.json] ... makespan=4.0912s    energia=0.002kWh carbono=1.2gCO2  [OK]
  Trial 09/10 [wf_256_tasks_8_cores_trial09.json] ... makespan=4.3964s    energia=0.003kWh carbono=1.2gCO2  [OK]
  Trial 10/10 [wf_256_tasks_8_cores_trial10.json] ... makespan=4.4989s    energia=0.003kWh carbono=1.3gCO2  [OK]
  Progresso global: 110/160 (68%)

────────────────────────────────────────────────────────
  Heurística : PEFT
  Escala     : 1024 tarefas  |  Plataforma: 8 cores
────────────────────────────────────────────────────────
  Trial 01/10 [wf_1024_tasks_8_cores_trial01.json] ... makespan=15.2913s   energia=0.009kWh carbono=4.4gCO2  [OK]
  Trial 02/10 [wf_1024_tasks_8_cores_trial02.json] ... makespan=14.3685s   energia=0.009kWh carbono=4.1gCO2  [OK]
  Trial 03/10 [wf_1024_tasks_8_cores_trial03.json] ... makespan=15.7286s   energia=0.010kWh carbono=4.8gCO2  [OK]
  Trial 04/10 [wf_1024_tasks_8_cores_trial04.json] ... makespan=15.7896s   energia=0.010kWh carbono=4.6gCO2  [OK]
  Trial 05/10 [wf_1024_tasks_8_cores_trial05.json] ... makespan=16.3172s   energia=0.010kWh carbono=4.9gCO2  [OK]
  Trial 06/10 [wf_1024_tasks_8_cores_trial06.json] ... makespan=15.3523s   energia=0.010kWh carbono=4.5gCO2  [OK]
  Trial 07/10 [wf_1024_tasks_8_cores_trial07.json] ... makespan=16.4227s   energia=0.010kWh carbono=4.7gCO2  [OK]
  Trial 08/10 [wf_1024_tasks_8_cores_trial08.json] ... makespan=15.8018s   energia=0.010kWh carbono=4.7gCO2  [OK]
  Trial 09/10 [wf_1024_tasks_8_cores_trial09.json] ... makespan=15.8007s   energia=0.010kWh carbono=4.6gCO2  [OK]
  Trial 10/10 [wf_1024_tasks_8_cores_trial10.json] ... makespan=15.2947s   energia=0.009kWh carbono=4.4gCO2  [OK]
  Progresso global: 120/160 (75%)

────────────────────────────────────────────────────────
  Heurística : IPEFT
  Escala     : 512 tarefas  |  Plataforma: 8 cores
────────────────────────────────────────────────────────
  Trial 01/10 [wf_512_tasks_8_cores_trial01.json] ... makespan=8.3600s    energia=0.005kWh carbono=2.3gCO2  [OK]
  Trial 02/10 [wf_512_tasks_8_cores_trial02.json] ... makespan=8.0036s    energia=0.005kWh carbono=2.3gCO2  [OK]
  Trial 03/10 [wf_512_tasks_8_cores_trial03.json] ... makespan=8.5354s    energia=0.005kWh carbono=2.5gCO2  [OK]
  Trial 04/10 [wf_512_tasks_8_cores_trial04.json] ... makespan=8.0560s    energia=0.005kWh carbono=2.4gCO2  [OK]
  Trial 05/10 [wf_512_tasks_8_cores_trial05.json] ... makespan=7.8264s    energia=0.005kWh carbono=2.3gCO2  [OK]
  Trial 06/10 [wf_512_tasks_8_cores_trial06.json] ... makespan=7.5827s    energia=0.005kWh carbono=2.2gCO2  [OK]
  Trial 07/10 [wf_512_tasks_8_cores_trial07.json] ... makespan=8.0645s    energia=0.005kWh carbono=2.3gCO2  [OK]
  Trial 08/10 [wf_512_tasks_8_cores_trial08.json] ... makespan=7.4953s    energia=0.005kWh carbono=2.2gCO2  [OK]
  Trial 09/10 [wf_512_tasks_8_cores_trial09.json] ... makespan=7.7550s    energia=0.005kWh carbono=2.2gCO2  [OK]
  Trial 10/10 [wf_512_tasks_8_cores_trial10.json] ... makespan=8.0895s    energia=0.005kWh carbono=2.3gCO2  [OK]
  Progresso global: 130/160 (81%)

────────────────────────────────────────────────────────
  Heurística : IPEFT
  Escala     : 2048 tarefas  |  Plataforma: 8 cores
────────────────────────────────────────────────────────
  Trial 01/10 [wf_2048_tasks_8_cores_trial01.json] ... makespan=31.4114s   energia=0.020kWh carbono=9.3gCO2  [OK]
  Trial 02/10 [wf_2048_tasks_8_cores_trial02.json] ... makespan=30.9343s   energia=0.019kWh carbono=9.2gCO2  [OK]
  Trial 03/10 [wf_2048_tasks_8_cores_trial03.json] ... makespan=31.2429s   energia=0.020kWh carbono=9.6gCO2  [OK]
  Trial 04/10 [wf_2048_tasks_8_cores_trial04.json] ... makespan=31.6201s   energia=0.020kWh carbono=9.5gCO2  [OK]
  Trial 05/10 [wf_2048_tasks_8_cores_trial05.json] ... makespan=31.3690s   energia=0.020kWh carbono=9.5gCO2  [OK]
  Trial 06/10 [wf_2048_tasks_8_cores_trial06.json] ... makespan=30.3449s   energia=0.019kWh carbono=9.1gCO2  [OK]
  Trial 07/10 [wf_2048_tasks_8_cores_trial07.json] ... makespan=32.5605s   energia=0.021kWh carbono=9.7gCO2  [OK]
  Trial 08/10 [wf_2048_tasks_8_cores_trial08.json] ... makespan=31.5270s   energia=0.020kWh carbono=9.3gCO2  [OK]
  Trial 09/10 [wf_2048_tasks_8_cores_trial09.json] ... makespan=31.6688s   energia=0.020kWh carbono=9.4gCO2  [OK]
  Trial 10/10 [wf_2048_tasks_8_cores_trial10.json] ... makespan=31.4424s   energia=0.019kWh carbono=9.0gCO2  [OK]
  Progresso global: 140/160 (87%)

────────────────────────────────────────────────────────
  Heurística : IPEFT
  Escala     : 256 tarefas  |  Plataforma: 8 cores
────────────────────────────────────────────────────────
  Trial 01/10 [wf_256_tasks_8_cores_trial01.json] ... makespan=4.8668s    energia=0.003kWh carbono=1.4gCO2  [OK]
  Trial 02/10 [wf_256_tasks_8_cores_trial02.json] ... makespan=4.4890s    energia=0.003kWh carbono=1.3gCO2  [OK]
  Trial 03/10 [wf_256_tasks_8_cores_trial03.json] ... makespan=4.7317s    energia=0.003kWh carbono=1.4gCO2  [OK]
  Trial 04/10 [wf_256_tasks_8_cores_trial04.json] ... makespan=3.6394s    energia=0.002kWh carbono=1.0gCO2  [OK]
  Trial 05/10 [wf_256_tasks_8_cores_trial05.json] ... makespan=4.3123s    energia=0.003kWh carbono=1.2gCO2  [OK]
  Trial 06/10 [wf_256_tasks_8_cores_trial06.json] ... makespan=4.1505s    energia=0.003kWh carbono=1.2gCO2  [OK]
  Trial 07/10 [wf_256_tasks_8_cores_trial07.json] ... makespan=4.1737s    energia=0.002kWh carbono=1.1gCO2  [OK]
  Trial 08/10 [wf_256_tasks_8_cores_trial08.json] ... makespan=3.6942s    energia=0.002kWh carbono=1.1gCO2  [OK]
  Trial 09/10 [wf_256_tasks_8_cores_trial09.json] ... makespan=4.4727s    energia=0.003kWh carbono=1.2gCO2  [OK]
  Trial 10/10 [wf_256_tasks_8_cores_trial10.json] ... makespan=4.6594s    energia=0.003kWh carbono=1.3gCO2  [OK]
  Progresso global: 150/160 (93%)

────────────────────────────────────────────────────────
  Heurística : IPEFT
  Escala     : 1024 tarefas  |  Plataforma: 8 cores
────────────────────────────────────────────────────────
  Trial 01/10 [wf_1024_tasks_8_cores_trial01.json] ... makespan=15.4090s   energia=0.009kWh carbono=4.4gCO2  [OK]
  Trial 02/10 [wf_1024_tasks_8_cores_trial02.json] ... makespan=14.7629s   energia=0.009kWh carbono=4.2gCO2  [OK]
  Trial 03/10 [wf_1024_tasks_8_cores_trial03.json] ... makespan=16.3191s   energia=0.010kWh carbono=4.9gCO2  [OK]
  Trial 04/10 [wf_1024_tasks_8_cores_trial04.json] ... makespan=15.4378s   energia=0.010kWh carbono=4.5gCO2  [OK]
  Trial 05/10 [wf_1024_tasks_8_cores_trial05.json] ... makespan=16.2547s   energia=0.010kWh carbono=4.8gCO2  [OK]
  Trial 06/10 [wf_1024_tasks_8_cores_trial06.json] ... makespan=15.0953s   energia=0.009kWh carbono=4.5gCO2  [OK]
  Trial 07/10 [wf_1024_tasks_8_cores_trial07.json] ... makespan=16.1722s   energia=0.010kWh carbono=4.7gCO2  [OK]
  Trial 08/10 [wf_1024_tasks_8_cores_trial08.json] ... makespan=15.8727s   energia=0.010kWh carbono=4.7gCO2  [OK]
  Trial 09/10 [wf_1024_tasks_8_cores_trial09.json] ... makespan=15.8858s   energia=0.010kWh carbono=4.6gCO2  [OK]
  Trial 10/10 [wf_1024_tasks_8_cores_trial10.json] ... makespan=14.8900s   energia=0.009kWh carbono=4.3gCO2  [OK]
  Progresso global: 160/160 (100%)

============================================================
  EXECUÇÃO CONCLUÍDA — 2026-05-21 19:28:03
============================================================
  Simulações completas : 160
  Falhas               : 0
  Arquivo principal    : /home/wrench/results/results_raw.csv
  Arquivo GPUs         : /home/wrench/results/results_gpu.csv
  Log completo         : /home/wrench/results/run_experiments.log
============================================================

  [OK] CSV completo: 160 linhas (esperado: 160)

